Archive member included to satisfy reference by file (symbol)

/usr/lib/gcc/arm-none-eabi/14.2.1/thumb/v6-m/nofp/libgcc.a(_thumb1_case_uqi.o)
                              Build/Mcu/Spi/Spi_Config.o (__gnu_thumb1_case_uqi)
/usr/lib/gcc/arm-none-eabi/14.2.1/thumb/v6-m/nofp/libgcc.a(_udivsi3.o)
                              Build/Mcu/Can/Can.o (__aeabi_uidiv)
/usr/lib/gcc/arm-none-eabi/14.2.1/thumb/v6-m/nofp/libgcc.a(_divsi3.o)
                              Build/Ecu/Sensors/Sensors.o (__aeabi_idiv)
/usr/lib/gcc/arm-none-eabi/14.2.1/thumb/v6-m/nofp/libgcc.a(_dvmd_tls.o)
                              /usr/lib/gcc/arm-none-eabi/14.2.1/thumb/v6-m/nofp/libgcc.a(_udivsi3.o) (__aeabi_idiv0)
/usr/lib/gcc/arm-none-eabi/14.2.1/../../../arm-none-eabi/lib/thumb/v6-m/nofp/libc_nano.a(libc_a-errno.o)
                              Build/Ecu/Pc_Com/Pc_Com.o (__errno)
/usr/lib/gcc/arm-none-eabi/14.2.1/../../../arm-none-eabi/lib/thumb/v6-m/nofp/libc_nano.a(libc_a-init.o)
                              /usr/lib/gcc/arm-none-eabi/14.2.1/../../../arm-none-eabi/lib/thumb/v6-m/nofp/crt0.o (__libc_init_array)
/usr/lib/gcc/arm-none-eabi/14.2.1/../../../arm-none-eabi/lib/thumb/v6-m/nofp/libc_nano.a(libc_a-memset.o)
                              /usr/lib/gcc/arm-none-eabi/14.2.1/../../../arm-none-eabi/lib/thumb/v6-m/nofp/crt0.o (memset)
/usr/lib/gcc/arm-none-eabi/14.2.1/../../../arm-none-eabi/lib/thumb/v6-m/nofp/libc_nano.a(libc_a-impure.o)
                              /usr/lib/gcc/arm-none-eabi/14.2.1/../../../arm-none-eabi/lib/thumb/v6-m/nofp/libc_nano.a(libc_a-errno.o) (_impure_ptr)
/usr/lib/gcc/arm-none-eabi/14.2.1/../../../arm-none-eabi/lib/thumb/v6-m/nofp/libc_nano.a(libc_a-exit.o)
                              /usr/lib/gcc/arm-none-eabi/14.2.1/../../../arm-none-eabi/lib/thumb/v6-m/nofp/crt0.o (exit)
/usr/lib/gcc/arm-none-eabi/14.2.1/../../../arm-none-eabi/lib/thumb/v6-m/nofp/libc_nano.a(libc_a-atexit.o)
                              /usr/lib/gcc/arm-none-eabi/14.2.1/../../../arm-none-eabi/lib/thumb/v6-m/nofp/crt0.o (atexit)
/usr/lib/gcc/arm-none-eabi/14.2.1/../../../arm-none-eabi/lib/thumb/v6-m/nofp/libc_nano.a(libc_a-fini.o)
                              /usr/lib/gcc/arm-none-eabi/14.2.1/../../../arm-none-eabi/lib/thumb/v6-m/nofp/crt0.o (__libc_fini_array)
/usr/lib/gcc/arm-none-eabi/14.2.1/../../../arm-none-eabi/lib/thumb/v6-m/nofp/libc_nano.a(libc_a-findfp.o)
                              /usr/lib/gcc/arm-none-eabi/14.2.1/../../../arm-none-eabi/lib/thumb/v6-m/nofp/libc_nano.a(libc_a-exit.o) (__stdio_exit_handler)
/usr/lib/gcc/arm-none-eabi/14.2.1/../../../arm-none-eabi/lib/thumb/v6-m/nofp/libc_nano.a(libc_a-fflush.o)
                              /usr/lib/gcc/arm-none-eabi/14.2.1/../../../arm-none-eabi/lib/thumb/v6-m/nofp/libc_nano.a(libc_a-findfp.o) (_fflush_r)
/usr/lib/gcc/arm-none-eabi/14.2.1/../../../arm-none-eabi/lib/thumb/v6-m/nofp/libc_nano.a(libc_a-mallocr.o)
                              /usr/lib/gcc/arm-none-eabi/14.2.1/../../../arm-none-eabi/lib/thumb/v6-m/nofp/libc_nano.a(libc_a-findfp.o) (_malloc_r)
/usr/lib/gcc/arm-none-eabi/14.2.1/../../../arm-none-eabi/lib/thumb/v6-m/nofp/libc_nano.a(libc_a-freer.o)
                              /usr/lib/gcc/arm-none-eabi/14.2.1/../../../arm-none-eabi/lib/thumb/v6-m/nofp/libc_nano.a(libc_a-fflush.o) (_free_r)
/usr/lib/gcc/arm-none-eabi/14.2.1/../../../arm-none-eabi/lib/thumb/v6-m/nofp/libc_nano.a(libc_a-fwalk.o)
                              /usr/lib/gcc/arm-none-eabi/14.2.1/../../../arm-none-eabi/lib/thumb/v6-m/nofp/libc_nano.a(libc_a-findfp.o) (_fwalk_sglue)
/usr/lib/gcc/arm-none-eabi/14.2.1/../../../arm-none-eabi/lib/thumb/v6-m/nofp/libc_nano.a(libc_a-__atexit.o)
                              /usr/lib/gcc/arm-none-eabi/14.2.1/../../../arm-none-eabi/lib/thumb/v6-m/nofp/libc_nano.a(libc_a-atexit.o) (__register_exitproc)
/usr/lib/gcc/arm-none-eabi/14.2.1/../../../arm-none-eabi/lib/thumb/v6-m/nofp/libc_nano.a(libc_a-mlock.o)
                              /usr/lib/gcc/arm-none-eabi/14.2.1/../../../arm-none-eabi/lib/thumb/v6-m/nofp/libc_nano.a(libc_a-mallocr.o) (__malloc_lock)
/usr/lib/gcc/arm-none-eabi/14.2.1/../../../arm-none-eabi/lib/thumb/v6-m/nofp/libc_nano.a(libc_a-sbrkr.o)
                              /usr/lib/gcc/arm-none-eabi/14.2.1/../../../arm-none-eabi/lib/thumb/v6-m/nofp/libc_nano.a(libc_a-mallocr.o) (_sbrk_r)
/usr/lib/gcc/arm-none-eabi/14.2.1/../../../arm-none-eabi/lib/thumb/v6-m/nofp/libc_nano.a(libc_a-stdio.o)
                              /usr/lib/gcc/arm-none-eabi/14.2.1/../../../arm-none-eabi/lib/thumb/v6-m/nofp/libc_nano.a(libc_a-findfp.o) (__sread)
/usr/lib/gcc/arm-none-eabi/14.2.1/../../../arm-none-eabi/lib/thumb/v6-m/nofp/libc_nano.a(libc_a-readr.o)
                              /usr/lib/gcc/arm-none-eabi/14.2.1/../../../arm-none-eabi/lib/thumb/v6-m/nofp/libc_nano.a(libc_a-stdio.o) (_read_r)
/usr/lib/gcc/arm-none-eabi/14.2.1/../../../arm-none-eabi/lib/thumb/v6-m/nofp/libc_nano.a(libc_a-writer.o)
                              /usr/lib/gcc/arm-none-eabi/14.2.1/../../../arm-none-eabi/lib/thumb/v6-m/nofp/libc_nano.a(libc_a-stdio.o) (_write_r)
/usr/lib/gcc/arm-none-eabi/14.2.1/../../../arm-none-eabi/lib/thumb/v6-m/nofp/libc_nano.a(libc_a-closer.o)
                              /usr/lib/gcc/arm-none-eabi/14.2.1/../../../arm-none-eabi/lib/thumb/v6-m/nofp/libc_nano.a(libc_a-stdio.o) (_close_r)
/usr/lib/gcc/arm-none-eabi/14.2.1/../../../arm-none-eabi/lib/thumb/v6-m/nofp/libc_nano.a(libc_a-lseekr.o)
                              /usr/lib/gcc/arm-none-eabi/14.2.1/../../../arm-none-eabi/lib/thumb/v6-m/nofp/libc_nano.a(libc_a-stdio.o) (_lseek_r)
/usr/lib/gcc/arm-none-eabi/14.2.1/../../../arm-none-eabi/lib/thumb/v6-m/nofp/libc_nano.a(libc_a-__call_atexit.o)
                              /usr/lib/gcc/arm-none-eabi/14.2.1/../../../arm-none-eabi/lib/thumb/v6-m/nofp/libc_nano.a(libc_a-__atexit.o) (__call_exitprocs)
/usr/lib/gcc/arm-none-eabi/14.2.1/../../../arm-none-eabi/lib/thumb/v6-m/nofp/libc_nano.a(libc_a-reent.o)
                              /usr/lib/gcc/arm-none-eabi/14.2.1/../../../arm-none-eabi/lib/thumb/v6-m/nofp/libc_nano.a(libc_a-sbrkr.o) (errno)
/usr/lib/gcc/arm-none-eabi/14.2.1/../../../arm-none-eabi/lib/thumb/v6-m/nofp/libnosys.a(sbrk.o)
                              /usr/lib/gcc/arm-none-eabi/14.2.1/../../../arm-none-eabi/lib/thumb/v6-m/nofp/libc_nano.a(libc_a-sbrkr.o) (_sbrk)
/usr/lib/gcc/arm-none-eabi/14.2.1/../../../arm-none-eabi/lib/thumb/v6-m/nofp/libnosys.a(_exit.o)
                              /usr/lib/gcc/arm-none-eabi/14.2.1/../../../arm-none-eabi/lib/thumb/v6-m/nofp/libc_nano.a(libc_a-exit.o) (_exit)

Discarded input sections

 .text          0x00000000        0x0 /usr/lib/gcc/arm-none-eabi/14.2.1/thumb/v6-m/nofp/crti.o
 .data          0x00000000        0x0 /usr/lib/gcc/arm-none-eabi/14.2.1/thumb/v6-m/nofp/crti.o
 .bss           0x00000000        0x0 /usr/lib/gcc/arm-none-eabi/14.2.1/thumb/v6-m/nofp/crti.o
 .text          0x00000000       0x98 /usr/lib/gcc/arm-none-eabi/14.2.1/thumb/v6-m/nofp/crtbegin.o
 .data          0x00000000        0x4 /usr/lib/gcc/arm-none-eabi/14.2.1/thumb/v6-m/nofp/crtbegin.o
 .bss           0x00000000       0x1c /usr/lib/gcc/arm-none-eabi/14.2.1/thumb/v6-m/nofp/crtbegin.o
 .rodata        0x00000000       0x24 /usr/lib/gcc/arm-none-eabi/14.2.1/thumb/v6-m/nofp/crtbegin.o
 .init_array    0x00000000        0x4 /usr/lib/gcc/arm-none-eabi/14.2.1/thumb/v6-m/nofp/crtbegin.o
 .fini_array    0x00000000        0x4 /usr/lib/gcc/arm-none-eabi/14.2.1/thumb/v6-m/nofp/crtbegin.o
 .eh_frame      0x00000000        0x0 /usr/lib/gcc/arm-none-eabi/14.2.1/thumb/v6-m/nofp/crtbegin.o
 .tm_clone_table
                0x00000000        0x0 /usr/lib/gcc/arm-none-eabi/14.2.1/thumb/v6-m/nofp/crtbegin.o
 .comment       0x00000000       0x27 /usr/lib/gcc/arm-none-eabi/14.2.1/thumb/v6-m/nofp/crtbegin.o
 .ARM.attributes
                0x00000000       0x2c /usr/lib/gcc/arm-none-eabi/14.2.1/thumb/v6-m/nofp/crtbegin.o
 .text          0x00000000       0x74 /usr/lib/gcc/arm-none-eabi/14.2.1/../../../arm-none-eabi/lib/thumb/v6-m/nofp/crt0.o
 .data          0x00000000        0x0 /usr/lib/gcc/arm-none-eabi/14.2.1/../../../arm-none-eabi/lib/thumb/v6-m/nofp/crt0.o
 .bss           0x00000000        0x0 /usr/lib/gcc/arm-none-eabi/14.2.1/../../../arm-none-eabi/lib/thumb/v6-m/nofp/crt0.o
 .ARM.extab     0x00000000        0x0 /usr/lib/gcc/arm-none-eabi/14.2.1/../../../arm-none-eabi/lib/thumb/v6-m/nofp/crt0.o
 .ARM.exidx     0x00000000       0x10 /usr/lib/gcc/arm-none-eabi/14.2.1/../../../arm-none-eabi/lib/thumb/v6-m/nofp/crt0.o
 .debug_line    0x00000000       0x7a /usr/lib/gcc/arm-none-eabi/14.2.1/../../../arm-none-eabi/lib/thumb/v6-m/nofp/crt0.o
 .debug_line_str
                0x00000000       0x7e /usr/lib/gcc/arm-none-eabi/14.2.1/../../../arm-none-eabi/lib/thumb/v6-m/nofp/crt0.o
 .debug_info    0x00000000       0x24 /usr/lib/gcc/arm-none-eabi/14.2.1/../../../arm-none-eabi/lib/thumb/v6-m/nofp/crt0.o
 .debug_abbrev  0x00000000       0x14 /usr/lib/gcc/arm-none-eabi/14.2.1/../../../arm-none-eabi/lib/thumb/v6-m/nofp/crt0.o
 .debug_aranges
                0x00000000       0x20 /usr/lib/gcc/arm-none-eabi/14.2.1/../../../arm-none-eabi/lib/thumb/v6-m/nofp/crt0.o
 .debug_str     0x00000000       0x8a /usr/lib/gcc/arm-none-eabi/14.2.1/../../../arm-none-eabi/lib/thumb/v6-m/nofp/crt0.o
 .ARM.attributes
                0x00000000       0x1b /usr/lib/gcc/arm-none-eabi/14.2.1/../../../arm-none-eabi/lib/thumb/v6-m/nofp/crt0.o
 .text          0x00000000        0x0 Build/App/main.o
 .data          0x00000000        0x0 Build/App/main.o
 .bss           0x00000000        0x0 Build/App/main.o
 .text          0x00000000        0x0 Build/Mcu/Adc/Adc.o
 .data          0x00000000        0x0 Build/Mcu/Adc/Adc.o
 .bss           0x00000000        0x0 Build/Mcu/Adc/Adc.o
 .text.Adc_Input_Select
                0x00000000       0x18 Build/Mcu/Adc/Adc.o
 .text.Adc_Input_Get
                0x00000000       0x10 Build/Mcu/Adc/Adc.o
 .text.Adc_Start
                0x00000000       0x14 Build/Mcu/Adc/Adc.o
 .text.Adc_Conversion_Wait
                0x00000000       0x14 Build/Mcu/Adc/Adc.o
 .text.Adc_Stop
                0x00000000       0x14 Build/Mcu/Adc/Adc.o
 .text.Adc_Count_Get
                0x00000000       0x14 Build/Mcu/Adc/Adc.o
 .comment       0x00000000       0x27 Build/Mcu/Adc/Adc.o
 .ARM.attributes
                0x00000000       0x2c Build/Mcu/Adc/Adc.o
 .text          0x00000000        0x0 Build/Mcu/Adc/Adc_Config.o
 .data          0x00000000        0x0 Build/Mcu/Adc/Adc_Config.o
 .bss           0x00000000        0x0 Build/Mcu/Adc/Adc_Config.o
 .text.Adc_Clock_Set
                0x00000000       0x28 Build/Mcu/Adc/Adc_Config.o
 .rodata.CSWTCH.1
                0x00000000        0x3 Build/Mcu/Adc/Adc_Config.o
 .comment       0x00000000       0x27 Build/Mcu/Adc/Adc_Config.o
 .ARM.attributes
                0x00000000       0x2c Build/Mcu/Adc/Adc_Config.o
 .text          0x00000000        0x0 Build/Mcu/Can/Can.o
 .data          0x00000000        0x0 Build/Mcu/Can/Can.o
 .bss           0x00000000        0x0 Build/Mcu/Can/Can.o
 .text.Can_Transmit_Status_Get
                0x00000000        0xc Build/Mcu/Can/Can.o
 .text.Can_Receive_Status_Get
                0x00000000        0xc Build/Mcu/Can/Can.o
 .text.CANStart
                0x00000000       0x10 Build/Mcu/Can/Can.o
 .text.CANWaitReady
                0x00000000        0xc Build/Mcu/Can/Can.o
 .text.CANSetMsgRemote
                0x00000000       0x9c Build/Mcu/Can/Can.o
 .text.CANWriteMsg
                0x00000000       0x9c Build/Mcu/Can/Can.o
 .text.Can_Accept_Filter_Set
                0x00000000       0x84 Build/Mcu/Can/Can.o
 .text.Can_Init
                0x00000000       0xac Build/Mcu/Can/Can.o
 .text.Can_Message_Send
                0x00000000       0x3c Build/Mcu/Can/Can.o
 .text.CANSendMsgRemote
                0x00000000       0x40 Build/Mcu/Can/Can.o
 .text.Can_Message_Receive
                0x00000000       0x3c Build/Mcu/Can/Can.o
 .text.Can_Test_Mode
                0x00000000       0x14 Build/Mcu/Can/Can.o
 .bss.CAN_RtMsg
                0x00000000       0x10 Build/Mcu/Can/Can.o
 .bss.CAN_TxMsg
                0x00000000       0x10 Build/Mcu/Can/Can.o
 .text          0x00000000        0x0 Build/Mcu/Can/Can_Config.o
 .data          0x00000000        0x0 Build/Mcu/Can/Can_Config.o
 .bss           0x00000000        0x0 Build/Mcu/Can/Can_Config.o
 .text.Can_Baudrate_Set
                0x00000000       0x14 Build/Mcu/Can/Can_Config.o
 .text.Can_Loop_Back_Set
                0x00000000        0x8 Build/Mcu/Can/Can_Config.o
 .text.Can_Config
                0x00000000       0x20 Build/Mcu/Can/Can_Config.o
 .comment       0x00000000       0x27 Build/Mcu/Can/Can_Config.o
 .ARM.attributes
                0x00000000       0x2c Build/Mcu/Can/Can_Config.o
 .text          0x00000000        0x0 Build/Mcu/Dio/Dio.o
 .data          0x00000000        0x0 Build/Mcu/Dio/Dio.o
 .bss           0x00000000        0x0 Build/Mcu/Dio/Dio.o
 .text.Gpio0_Pin_Set
                0x00000000       0x48 Build/Mcu/Dio/Dio.o
 .text.Gpio3_Pin_Set
                0x00000000       0x44 Build/Mcu/Dio/Dio.o
 .text.Gpio0_Pin_Get
                0x00000000       0x1c Build/Mcu/Dio/Dio.o
 .text.Gpio2_Pin_Get
                0x00000000       0x1c Build/Mcu/Dio/Dio.o
 .text.Gpio3_Pin_Get
                0x00000000       0x1c Build/Mcu/Dio/Dio.o
 .text.Gpio0_Nibble_Set
                0x00000000       0x20 Build/Mcu/Dio/Dio.o
 .text.Gpio1_Nibble_Set
                0x00000000       0x20 Build/Mcu/Dio/Dio.o
 .text.Gpio2_Nibble_Set
                0x00000000       0x20 Build/Mcu/Dio/Dio.o
 .text.Gpio3_Nibble_Set
                0x00000000       0x20 Build/Mcu/Dio/Dio.o
 .text.Eint0_Disable
                0x00000000       0x18 Build/Mcu/Dio/Dio.o
 .text.Eint1_Disable
                0x00000000       0x1c Build/Mcu/Dio/Dio.o
 .text.Eint2_Disable
                0x00000000       0x1c Build/Mcu/Dio/Dio.o
 .text.Eint3_Disable
                0x00000000       0x1c Build/Mcu/Dio/Dio.o
 .text.Eint0_Enable
                0x00000000       0x18 Build/Mcu/Dio/Dio.o
 .text.Eint1_Enable
                0x00000000       0x1c Build/Mcu/Dio/Dio.o
 .text.Eint2_Enable
                0x00000000       0x1c Build/Mcu/Dio/Dio.o
 .text.Eint3_Enable
                0x00000000       0x1c Build/Mcu/Dio/Dio.o
 .text.Eint0_Reset
                0x00000000       0x18 Build/Mcu/Dio/Dio.o
 .text.Eint2_Reset
                0x00000000       0x18 Build/Mcu/Dio/Dio.o
 .text.Eint3_Reset
                0x00000000       0x18 Build/Mcu/Dio/Dio.o
 .text          0x00000000        0x0 Build/Mcu/Dio/Dio_Config.o
 .data          0x00000000        0x0 Build/Mcu/Dio/Dio_Config.o
 .bss           0x00000000        0x0 Build/Mcu/Dio/Dio_Config.o
 .text.Gpio0_Direction_Set
                0x00000000       0x32 Build/Mcu/Dio/Dio_Config.o
 .text.Gpio3_Direction_Set
                0x00000000       0x34 Build/Mcu/Dio/Dio_Config.o
 .text.Eint0_Level_Trigger_Set
                0x00000000       0x38 Build/Mcu/Dio/Dio_Config.o
 .text.Eint0_Edge_Trigger_Set
                0x00000000       0x58 Build/Mcu/Dio/Dio_Config.o
 .text.Eint1_Level_Trigger_Set
                0x00000000       0x3c Build/Mcu/Dio/Dio_Config.o
 .text.Eint1_Edge_Trigger_Set
                0x00000000       0x5c Build/Mcu/Dio/Dio_Config.o
 .text.Eint2_Level_Trigger_Set
                0x00000000       0x3c Build/Mcu/Dio/Dio_Config.o
 .text.Eint2_Edge_Trigger_Set
                0x00000000       0x5c Build/Mcu/Dio/Dio_Config.o
 .text.Eint3_Level_Trigger_Set
                0x00000000       0x3c Build/Mcu/Dio/Dio_Config.o
 .text.Eint3_Edge_Trigger_Set
                0x00000000       0x5c Build/Mcu/Dio/Dio_Config.o
 .text          0x00000000        0x0 Build/Mcu/Gpt/Gpt.o
 .data          0x00000000        0x0 Build/Mcu/Gpt/Gpt.o
 .bss           0x00000000        0x0 Build/Mcu/Gpt/Gpt.o
 .text.Gpt1_Base_Mode_Set
                0x00000000        0xc Build/Mcu/Gpt/Gpt.o
 .text.Gpt2_Base_Mode_Set
                0x00000000        0xc Build/Mcu/Gpt/Gpt.o
 .text.Gpt1_Count_Get
                0x00000000        0xc Build/Mcu/Gpt/Gpt.o
 .text.Gpt2_Count_Get
                0x00000000        0xc Build/Mcu/Gpt/Gpt.o
 .text.Gpt1_Count_Set
                0x00000000        0xc Build/Mcu/Gpt/Gpt.o
 .text.Gpt2_Count_Set
                0x00000000        0xc Build/Mcu/Gpt/Gpt.o
 .text.Gpt1_Match0_Count_Set
                0x00000000        0xc Build/Mcu/Gpt/Gpt.o
 .text.Gpt2_Match0_Count_Set
                0x00000000        0xc Build/Mcu/Gpt/Gpt.o
 .text.Gpt1_Match1_Count_Set
                0x00000000        0xc Build/Mcu/Gpt/Gpt.o
 .text.Gpt2_Match1_Count_Set
                0x00000000        0xc Build/Mcu/Gpt/Gpt.o
 .text.Gpt1_Match0_iOption_Set
                0x00000000       0x24 Build/Mcu/Gpt/Gpt.o
 .text.Gpt2_Match0_iOption_Set
                0x00000000       0x24 Build/Mcu/Gpt/Gpt.o
 .text.Gpt1_Match1_iOption_Set
                0x00000000       0x28 Build/Mcu/Gpt/Gpt.o
 .text.Gpt2_Match1_iOption_Set
                0x00000000       0x28 Build/Mcu/Gpt/Gpt.o
 .text.Gpt1_Match0_eOption_Set
                0x00000000       0x24 Build/Mcu/Gpt/Gpt.o
 .text.Gpt2_Match0_eOption_Set
                0x00000000       0x24 Build/Mcu/Gpt/Gpt.o
 .comment       0x00000000       0x27 Build/Mcu/Gpt/Gpt.o
 .ARM.attributes
                0x00000000       0x2c Build/Mcu/Gpt/Gpt.o
 .text          0x00000000        0x0 Build/Mcu/Gpt/Gpt_Config.o
 .data          0x00000000        0x0 Build/Mcu/Gpt/Gpt_Config.o
 .bss           0x00000000        0x0 Build/Mcu/Gpt/Gpt_Config.o
 .text.Gpt1_Clock_Set
                0x00000000       0x24 Build/Mcu/Gpt/Gpt_Config.o
 .text.Gpt2_Clock_Set
                0x00000000       0x24 Build/Mcu/Gpt/Gpt_Config.o
 .rodata.CSWTCH.1
                0x00000000        0x6 Build/Mcu/Gpt/Gpt_Config.o
 .comment       0x00000000       0x27 Build/Mcu/Gpt/Gpt_Config.o
 .ARM.attributes
                0x00000000       0x2c Build/Mcu/Gpt/Gpt_Config.o
 .text          0x00000000        0x0 Build/Mcu/I2c/I2c.o
 .data          0x00000000        0x0 Build/Mcu/I2c/I2c.o
 .bss           0x00000000        0x0 Build/Mcu/I2c/I2c.o
 .text.I2c_Start_Set
                0x00000000        0xe Build/Mcu/I2c/I2c.o
 .text.I2c_Start_Clr
                0x00000000        0xa Build/Mcu/I2c/I2c.o
 .text.I2c_Slave_Select
                0x00000000        0xa Build/Mcu/I2c/I2c.o
 .text.I2c_Byte_Write
                0x00000000        0x8 Build/Mcu/I2c/I2c.o
 .text.I2c_Byte_Read
                0x00000000        0xa Build/Mcu/I2c/I2c.o
 .text.I2c_Stop_Set
                0x00000000        0xa Build/Mcu/I2c/I2c.o
 .text.I2c_Master_Acknowledge_Set
                0x00000000       0x1e Build/Mcu/I2c/I2c.o
 .text.I2c_Status_Wait
                0x00000000       0x10 Build/Mcu/I2c/I2c.o
 .comment       0x00000000       0x27 Build/Mcu/I2c/I2c.o
 .ARM.attributes
                0x00000000       0x2c Build/Mcu/I2c/I2c.o
 .text          0x00000000        0x0 Build/Mcu/I2c/I2c_Config.o
 .data          0x00000000        0x0 Build/Mcu/I2c/I2c_Config.o
 .bss           0x00000000        0x0 Build/Mcu/I2c/I2c_Config.o
 .text.I2c_Clock_Set
                0x00000000       0x1e Build/Mcu/I2c/I2c_Config.o
 .comment       0x00000000       0x27 Build/Mcu/I2c/I2c_Config.o
 .ARM.attributes
                0x00000000       0x2c Build/Mcu/I2c/I2c_Config.o
 .text          0x00000000        0x0 Build/Mcu/Spi/Spi.o
 .data          0x00000000        0x0 Build/Mcu/Spi/Spi.o
 .bss           0x00000000        0x0 Build/Mcu/Spi/Spi.o
 .text.Spi_Transfer_Status_Get
                0x00000000       0x10 Build/Mcu/Spi/Spi.o
 .text.Spi_Shift_Register_Set
                0x00000000        0xc Build/Mcu/Spi/Spi.o
 .text.Spi_Shift_Register_Get
                0x00000000        0xc Build/Mcu/Spi/Spi.o
 .comment       0x00000000       0x27 Build/Mcu/Spi/Spi.o
 .ARM.attributes
                0x00000000       0x2c Build/Mcu/Spi/Spi.o
 .text          0x00000000        0x0 Build/Mcu/Spi/Spi_Config.o
 .data          0x00000000        0x0 Build/Mcu/Spi/Spi_Config.o
 .bss           0x00000000        0x0 Build/Mcu/Spi/Spi_Config.o
 .text.Spi_Data_Size_Set
                0x00000000       0x20 Build/Mcu/Spi/Spi_Config.o
 .text.Spi_Mode_Set
                0x00000000       0x48 Build/Mcu/Spi/Spi_Config.o
 .text.Spi_Clock_Set
                0x00000000       0x20 Build/Mcu/Spi/Spi_Config.o
 .comment       0x00000000       0x27 Build/Mcu/Spi/Spi_Config.o
 .ARM.attributes
                0x00000000       0x2c Build/Mcu/Spi/Spi_Config.o
 .text          0x00000000        0x0 Build/Mcu/Sys/Iocon.o
 .data          0x00000000        0x0 Build/Mcu/Sys/Iocon.o
 .bss           0x00000000        0x0 Build/Mcu/Sys/Iocon.o
 .text.Iocon_Pio0_1_Set
                0x00000000       0x24 Build/Mcu/Sys/Iocon.o
 .text.Iocon_Pio0_2_Set
                0x00000000       0x24 Build/Mcu/Sys/Iocon.o
 .text.Iocon_Pio0_3_Set
                0x00000000       0x24 Build/Mcu/Sys/Iocon.o
 .text.Iocon_Pio0_4_Set
                0x00000000       0x24 Build/Mcu/Sys/Iocon.o
 .text.Iocon_Pio0_5_Set
                0x00000000       0x24 Build/Mcu/Sys/Iocon.o
 .text.Iocon_Pio0_6_Set
                0x00000000       0x24 Build/Mcu/Sys/Iocon.o
 .text.Iocon_Pio0_7_Set
                0x00000000       0x24 Build/Mcu/Sys/Iocon.o
 .text.Iocon_Pio0_8_Set
                0x00000000       0x24 Build/Mcu/Sys/Iocon.o
 .text.Iocon_Pio0_9_Set
                0x00000000       0x24 Build/Mcu/Sys/Iocon.o
 .text.Iocon_R_Pio0_11_Set
                0x00000000       0x24 Build/Mcu/Sys/Iocon.o
 .text.Iocon_R_Pio1_0_Set
                0x00000000       0x24 Build/Mcu/Sys/Iocon.o
 .text.Iocon_R_Pio1_1_Set
                0x00000000       0x24 Build/Mcu/Sys/Iocon.o
 .text.Iocon_Pio1_4_Set
                0x00000000       0x24 Build/Mcu/Sys/Iocon.o
 .text.Iocon_Pio1_5_Set
                0x00000000       0x24 Build/Mcu/Sys/Iocon.o
 .text.Iocon_Pio1_6_Set
                0x00000000       0x24 Build/Mcu/Sys/Iocon.o
 .text.Iocon_Pio1_7_Set
                0x00000000       0x24 Build/Mcu/Sys/Iocon.o
 .text.Iocon_Pio1_8_Set
                0x00000000       0x24 Build/Mcu/Sys/Iocon.o
 .text.Iocon_Pio1_11_Set
                0x00000000       0x24 Build/Mcu/Sys/Iocon.o
 .text.Iocon_Pio2_0_Set
                0x00000000       0x24 Build/Mcu/Sys/Iocon.o
 .text.Iocon_Pio2_1_Set
                0x00000000       0x24 Build/Mcu/Sys/Iocon.o
 .text.Iocon_Pio2_2_Set
                0x00000000       0x24 Build/Mcu/Sys/Iocon.o
 .text.Iocon_Pio2_3_Set
                0x00000000       0x24 Build/Mcu/Sys/Iocon.o
 .text.Iocon_Pio2_6_Set
                0x00000000       0x24 Build/Mcu/Sys/Iocon.o
 .text.Iocon_Pio2_7_Set
                0x00000000       0x24 Build/Mcu/Sys/Iocon.o
 .text.Iocon_Pio2_8_Set
                0x00000000       0x24 Build/Mcu/Sys/Iocon.o
 .text.Iocon_Pio2_11_Set
                0x00000000       0x24 Build/Mcu/Sys/Iocon.o
 .text.Iocon_Pio3_0_Set
                0x00000000       0x24 Build/Mcu/Sys/Iocon.o
 .text.Iocon_Pio3_1_Set
                0x00000000       0x24 Build/Mcu/Sys/Iocon.o
 .text.Iocon_Pio3_2_Set
                0x00000000       0x24 Build/Mcu/Sys/Iocon.o
 .text.Iocon_Pio3_3_Set
                0x00000000       0x24 Build/Mcu/Sys/Iocon.o
 .text          0x00000000        0x0 Build/Mcu/Sys/Syscon.o
 .data          0x00000000        0x0 Build/Mcu/Sys/Syscon.o
 .bss           0x00000000        0x0 Build/Mcu/Sys/Syscon.o
 .text.Syscon_Pclk_Adc_Enable
                0x00000000       0x14 Build/Mcu/Sys/Syscon.o
 .text.Syscon_Pclk_Gpt0_Enable
                0x00000000       0x14 Build/Mcu/Sys/Syscon.o
 .text.Syscon_Pclk_Gpt1_Enable
                0x00000000       0x14 Build/Mcu/Sys/Syscon.o
 .text.Syscon_Pclk_Gpt2_Enable
                0x00000000       0x10 Build/Mcu/Sys/Syscon.o
 .text.Syscon_Pclk_Spi_Enable
                0x00000000       0x14 Build/Mcu/Sys/Syscon.o
 .text.Syscon_Pclk_I2c_Enable
                0x00000000       0x10 Build/Mcu/Sys/Syscon.o
 .text.Syscon_Pclk_Uart_Enable
                0x00000000       0x14 Build/Mcu/Sys/Syscon.o
 .text.Syscon_Pclk_Can_Enable
                0x00000000       0x14 Build/Mcu/Sys/Syscon.o
 .text.Syscon_Pclk_Wdt_Enable
                0x00000000       0x14 Build/Mcu/Sys/Syscon.o
 .text.Syscon_Uart_Clkdiv_Set
                0x00000000        0xc Build/Mcu/Sys/Syscon.o
 .text.Syscon_Spi_Clkdiv_Set
                0x00000000        0xc Build/Mcu/Sys/Syscon.o
 .text.Syscon_Spi_Preset_Deassert
                0x00000000       0x10 Build/Mcu/Sys/Syscon.o
 .text.Syscon_I2c_Preset_Deassert
                0x00000000       0x10 Build/Mcu/Sys/Syscon.o
 .text.Syscon_Adc_Power_Down_Disable
                0x00000000       0x14 Build/Mcu/Sys/Syscon.o
 .text.Syscon_Wdt_Power_Down_Disable
                0x00000000       0x14 Build/Mcu/Sys/Syscon.o
 .text          0x00000000        0x0 Build/Mcu/Sys/system_LPC11xx.o
 .data          0x00000000        0x0 Build/Mcu/Sys/system_LPC11xx.o
 .bss           0x00000000        0x0 Build/Mcu/Sys/system_LPC11xx.o
 .text.SystemCoreClockUpdate
                0x00000000       0x90 Build/Mcu/Sys/system_LPC11xx.o
 .rodata.CSWTCH.5
                0x00000000       0x3c Build/Mcu/Sys/system_LPC11xx.o
 .data.SystemCoreClock
                0x00000000        0x4 Build/Mcu/Sys/system_LPC11xx.o
 .text          0x00000000        0x0 Build/Mcu/Uart/Uart.o
 .data          0x00000000        0x0 Build/Mcu/Uart/Uart.o
 .bss           0x00000000        0x0 Build/Mcu/Uart/Uart.o
 .text.Uart_Transmit_Buffer_Check
                0x00000000       0x10 Build/Mcu/Uart/Uart.o
 .text.Uart_Transmit_Buffer_Write
                0x00000000        0xc Build/Mcu/Uart/Uart.o
 .text.Uart_Receive_Buffer_Check
                0x00000000       0x10 Build/Mcu/Uart/Uart.o
 .text.Uart_Receive_Buffer_Read
                0x00000000        0xc Build/Mcu/Uart/Uart.o
 .comment       0x00000000       0x27 Build/Mcu/Uart/Uart.o
 .ARM.attributes
                0x00000000       0x2c Build/Mcu/Uart/Uart.o
 .text          0x00000000        0x0 Build/Mcu/Uart/Uart_Config.o
 .data          0x00000000        0x0 Build/Mcu/Uart/Uart_Config.o
 .bss           0x00000000        0x0 Build/Mcu/Uart/Uart_Config.o
 .text.Uart_Data_Size_Set
                0x00000000        0xc Build/Mcu/Uart/Uart_Config.o
 .text.Uart_Baudrate_Set
                0x00000000       0x50 Build/Mcu/Uart/Uart_Config.o
 .comment       0x00000000       0x27 Build/Mcu/Uart/Uart_Config.o
 .ARM.attributes
                0x00000000       0x2c Build/Mcu/Uart/Uart_Config.o
 .text          0x00000000        0x0 Build/Ecu/Buz/Buz.o
 .data          0x00000000        0x0 Build/Ecu/Buz/Buz.o
 .bss           0x00000000        0x0 Build/Ecu/Buz/Buz.o
 .text.Buz_Set_Freq
                0x00000000       0x24 Build/Ecu/Buz/Buz.o
 .comment       0x00000000       0x27 Build/Ecu/Buz/Buz.o
 .ARM.attributes
                0x00000000       0x2c Build/Ecu/Buz/Buz.o
 .text          0x00000000        0x0 Build/Ecu/Buz/Buz_Config.o
 .data          0x00000000        0x0 Build/Ecu/Buz/Buz_Config.o
 .bss           0x00000000        0x0 Build/Ecu/Buz/Buz_Config.o
 .text.Buz_Config
                0x00000000       0x22 Build/Ecu/Buz/Buz_Config.o
 .comment       0x00000000       0x27 Build/Ecu/Buz/Buz_Config.o
 .ARM.attributes
                0x00000000       0x2c Build/Ecu/Buz/Buz_Config.o
 .text          0x00000000        0x0 Build/Ecu/Dac/Dac.o
 .data          0x00000000        0x0 Build/Ecu/Dac/Dac.o
 .bss           0x00000000        0x0 Build/Ecu/Dac/Dac.o
 .text.Dac_Chip_Select
                0x00000000        0xc Build/Ecu/Dac/Dac.o
 .text.Dac_Chip_Deselect
                0x00000000        0xc Build/Ecu/Dac/Dac.o
 .text.Dac_Value_Update
                0x00000000       0x14 Build/Ecu/Dac/Dac.o
 .comment       0x00000000       0x27 Build/Ecu/Dac/Dac.o
 .ARM.attributes
                0x00000000       0x2c Build/Ecu/Dac/Dac.o
 .text          0x00000000        0x0 Build/Ecu/Dac/Dac_Config.o
 .data          0x00000000        0x0 Build/Ecu/Dac/Dac_Config.o
 .bss           0x00000000        0x0 Build/Ecu/Dac/Dac_Config.o
 .text.Dac_Config
                0x00000000       0x66 Build/Ecu/Dac/Dac_Config.o
 .comment       0x00000000       0x27 Build/Ecu/Dac/Dac_Config.o
 .ARM.attributes
                0x00000000       0x2c Build/Ecu/Dac/Dac_Config.o
 .text          0x00000000        0x0 Build/Ecu/Eeprom/Eeprom.o
 .data          0x00000000        0x0 Build/Ecu/Eeprom/Eeprom.o
 .bss           0x00000000        0x0 Build/Ecu/Eeprom/Eeprom.o
 .text.Eeprom_Bytes_Write
                0x00000000       0x44 Build/Ecu/Eeprom/Eeprom.o
 .text.Eeprom_Bytes_Read
                0x00000000       0x7c Build/Ecu/Eeprom/Eeprom.o
 .comment       0x00000000       0x27 Build/Ecu/Eeprom/Eeprom.o
 .ARM.attributes
                0x00000000       0x2c Build/Ecu/Eeprom/Eeprom.o
 .text          0x00000000        0x0 Build/Ecu/Eeprom/Eeprom_Config.o
 .data          0x00000000        0x0 Build/Ecu/Eeprom/Eeprom_Config.o
 .bss           0x00000000        0x0 Build/Ecu/Eeprom/Eeprom_Config.o
 .text.Eeprom_Config
                0x00000000       0x38 Build/Ecu/Eeprom/Eeprom_Config.o
 .comment       0x00000000       0x27 Build/Ecu/Eeprom/Eeprom_Config.o
 .ARM.attributes
                0x00000000       0x2c Build/Ecu/Eeprom/Eeprom_Config.o
 .text          0x00000000        0x0 Build/Ecu/Pc_Com/Pc_Com.o
 .data          0x00000000        0x0 Build/Ecu/Pc_Com/Pc_Com.o
 .bss           0x00000000        0x0 Build/Ecu/Pc_Com/Pc_Com.o
 .text._close   0x00000000        0x6 Build/Ecu/Pc_Com/Pc_Com.o
 .text._fstat   0x00000000        0xa Build/Ecu/Pc_Com/Pc_Com.o
 .text._isatty  0x00000000        0x4 Build/Ecu/Pc_Com/Pc_Com.o
 .text._lseek   0x00000000        0x4 Build/Ecu/Pc_Com/Pc_Com.o
 .text._read    0x00000000        0x4 Build/Ecu/Pc_Com/Pc_Com.o
 .text.Pc_Com_Byte_Send
                0x00000000       0x14 Build/Ecu/Pc_Com/Pc_Com.o
 .text._write   0x00000000       0x2c Build/Ecu/Pc_Com/Pc_Com.o
 .text.Pc_Com_String_Send
                0x00000000       0x14 Build/Ecu/Pc_Com/Pc_Com.o
 .text.Pc_Com_Byte_Receive
                0x00000000       0x14 Build/Ecu/Pc_Com/Pc_Com.o
 .comment       0x00000000       0x27 Build/Ecu/Pc_Com/Pc_Com.o
 .ARM.attributes
                0x00000000       0x2c Build/Ecu/Pc_Com/Pc_Com.o
 .text          0x00000000        0x0 Build/Ecu/Pc_Com/Pc_Com_Config.o
 .data          0x00000000        0x0 Build/Ecu/Pc_Com/Pc_Com_Config.o
 .bss           0x00000000        0x0 Build/Ecu/Pc_Com/Pc_Com_Config.o
 .text.Pc_Com_Config
                0x00000000       0x40 Build/Ecu/Pc_Com/Pc_Com_Config.o
 .comment       0x00000000       0x27 Build/Ecu/Pc_Com/Pc_Com_Config.o
 .ARM.attributes
                0x00000000       0x2c Build/Ecu/Pc_Com/Pc_Com_Config.o
 .text          0x00000000        0x0 Build/Ecu/Pwm/Pwm.o
 .data          0x00000000        0x0 Build/Ecu/Pwm/Pwm.o
 .bss           0x00000000        0x0 Build/Ecu/Pwm/Pwm.o
 .text.Square_Wave_Set
                0x00000000       0x24 Build/Ecu/Pwm/Pwm.o
 .text.Pwm_Wave_Set
                0x00000000       0x32 Build/Ecu/Pwm/Pwm.o
 .comment       0x00000000       0x27 Build/Ecu/Pwm/Pwm.o
 .ARM.attributes
                0x00000000       0x2c Build/Ecu/Pwm/Pwm.o
 .text          0x00000000        0x0 Build/Ecu/Pwm/Pwm_Config.o
 .data          0x00000000        0x0 Build/Ecu/Pwm/Pwm_Config.o
 .bss           0x00000000        0x0 Build/Ecu/Pwm/Pwm_Config.o
 .text.Pwm_Config
                0x00000000       0x22 Build/Ecu/Pwm/Pwm_Config.o
 .comment       0x00000000       0x27 Build/Ecu/Pwm/Pwm_Config.o
 .ARM.attributes
                0x00000000       0x2c Build/Ecu/Pwm/Pwm_Config.o
 .text          0x00000000        0x0 Build/Ecu/Rgb/Rgb.o
 .data          0x00000000        0x0 Build/Ecu/Rgb/Rgb.o
 .bss           0x00000000        0x0 Build/Ecu/Rgb/Rgb.o
 .text          0x00000000        0x0 Build/Ecu/Rgb/Rgb_Config.o
 .data          0x00000000        0x0 Build/Ecu/Rgb/Rgb_Config.o
 .bss           0x00000000        0x0 Build/Ecu/Rgb/Rgb_Config.o
 .text          0x00000000        0x0 Build/Ecu/Rotary/Rotary.o
 .data          0x00000000        0x0 Build/Ecu/Rotary/Rotary.o
 .bss           0x00000000        0x0 Build/Ecu/Rotary/Rotary.o
 .text.Rotary_Rotation_Reset
                0x00000000        0xc Build/Ecu/Rotary/Rotary.o
 .text.Rotary_Rotation_Set
                0x00000000        0xc Build/Ecu/Rotary/Rotary.o
 .text.Rotary_Rotation_Get
                0x00000000       0x18 Build/Ecu/Rotary/Rotary.o
 .text.Rotary_Switch_Get
                0x00000000       0x10 Build/Ecu/Rotary/Rotary.o
 .text.Rotary_Switch_Clicks_Get
                0x00000000       0x24 Build/Ecu/Rotary/Rotary.o
 .data.state_previous.0
                0x00000000        0x1 Build/Ecu/Rotary/Rotary.o
 .text          0x00000000        0x0 Build/Ecu/Rotary/Rotary_Config.o
 .data          0x00000000        0x0 Build/Ecu/Rotary/Rotary_Config.o
 .bss           0x00000000        0x0 Build/Ecu/Rotary/Rotary_Config.o
 .text.Rotary_Config
                0x00000000       0x70 Build/Ecu/Rotary/Rotary_Config.o
 .comment       0x00000000       0x27 Build/Ecu/Rotary/Rotary_Config.o
 .ARM.attributes
                0x00000000       0x2c Build/Ecu/Rotary/Rotary_Config.o
 .text          0x00000000        0x0 Build/Ecu/Sensors/Sensors.o
 .data          0x00000000        0x0 Build/Ecu/Sensors/Sensors.o
 .bss           0x00000000        0x0 Build/Ecu/Sensors/Sensors.o
 .text.Sensor_Vpot_Get
                0x00000000       0x30 Build/Ecu/Sensors/Sensors.o
 .text.Sensor_Lm35_Get
                0x00000000       0x24 Build/Ecu/Sensors/Sensors.o
 .comment       0x00000000       0x27 Build/Ecu/Sensors/Sensors.o
 .ARM.attributes
                0x00000000       0x2c Build/Ecu/Sensors/Sensors.o
 .text          0x00000000        0x0 Build/Ecu/Sensors/Sensors_Config.o
 .data          0x00000000        0x0 Build/Ecu/Sensors/Sensors_Config.o
 .bss           0x00000000        0x0 Build/Ecu/Sensors/Sensors_Config.o
 .text.Sensors_Config
                0x00000000       0x38 Build/Ecu/Sensors/Sensors_Config.o
 .comment       0x00000000       0x27 Build/Ecu/Sensors/Sensors_Config.o
 .ARM.attributes
                0x00000000       0x2c Build/Ecu/Sensors/Sensors_Config.o
 .text          0x00000000        0x0 Build/Ecu/Ukeys/Ukeys.o
 .data          0x00000000        0x0 Build/Ecu/Ukeys/Ukeys.o
 .bss           0x00000000        0x0 Build/Ecu/Ukeys/Ukeys.o
 .text.Ukey_Up_State_Get
                0x00000000       0x12 Build/Ecu/Ukeys/Ukeys.o
 .text.Ukey_Down_State_Get
                0x00000000       0x12 Build/Ecu/Ukeys/Ukeys.o
 .text.Ukey_Center_State_Get
                0x00000000       0x12 Build/Ecu/Ukeys/Ukeys.o
 .text.Ukey_Left_State_Get
                0x00000000       0x12 Build/Ecu/Ukeys/Ukeys.o
 .text.Ukey_Right_State_Get
                0x00000000       0x12 Build/Ecu/Ukeys/Ukeys.o
 .text.Ukey_Up_Clicks_Get
                0x00000000       0x24 Build/Ecu/Ukeys/Ukeys.o
 .text.Ukey_Down_Clicks_Get
                0x00000000       0x24 Build/Ecu/Ukeys/Ukeys.o
 .text.Ukey_Center_Clicks_Get
                0x00000000       0x24 Build/Ecu/Ukeys/Ukeys.o
 .text.Ukey_Left_Clicks_Get
                0x00000000       0x24 Build/Ecu/Ukeys/Ukeys.o
 .text.Ukey_Right_Clicks_Get
                0x00000000       0x24 Build/Ecu/Ukeys/Ukeys.o
 .data.state_previous.0
                0x00000000        0x1 Build/Ecu/Ukeys/Ukeys.o
 .data.state_previous.1
                0x00000000        0x1 Build/Ecu/Ukeys/Ukeys.o
 .data.state_previous.2
                0x00000000        0x1 Build/Ecu/Ukeys/Ukeys.o
 .data.state_previous.3
                0x00000000        0x1 Build/Ecu/Ukeys/Ukeys.o
 .data.state_previous.4
                0x00000000        0x1 Build/Ecu/Ukeys/Ukeys.o
 .comment       0x00000000       0x27 Build/Ecu/Ukeys/Ukeys.o
 .ARM.attributes
                0x00000000       0x2c Build/Ecu/Ukeys/Ukeys.o
 .text          0x00000000        0x0 Build/Ecu/Ukeys/Ukeys_Config.o
 .data          0x00000000        0x0 Build/Ecu/Ukeys/Ukeys_Config.o
 .bss           0x00000000        0x0 Build/Ecu/Ukeys/Ukeys_Config.o
 .text.Ukeys_Config
                0x00000000       0x86 Build/Ecu/Ukeys/Ukeys_Config.o
 .comment       0x00000000       0x27 Build/Ecu/Ukeys/Ukeys_Config.o
 .ARM.attributes
                0x00000000       0x2c Build/Ecu/Ukeys/Ukeys_Config.o
 .text          0x00000000        0x0 Build/Mcu/Sys/cr_startup_lpc11xx.o
 .data          0x00000000        0x0 Build/Mcu/Sys/cr_startup_lpc11xx.o
 .bss           0x00000000        0x0 Build/Mcu/Sys/cr_startup_lpc11xx.o
 .heap          0x00000000      0x200 Build/Mcu/Sys/cr_startup_lpc11xx.o
 .stack         0x00000000      0x200 Build/Mcu/Sys/cr_startup_lpc11xx.o
 .data          0x00000000        0x0 /usr/lib/gcc/arm-none-eabi/14.2.1/thumb/v6-m/nofp/libgcc.a(_thumb1_case_uqi.o)
 .bss           0x00000000        0x0 /usr/lib/gcc/arm-none-eabi/14.2.1/thumb/v6-m/nofp/libgcc.a(_thumb1_case_uqi.o)
 .text          0x00000000      0x114 /usr/lib/gcc/arm-none-eabi/14.2.1/thumb/v6-m/nofp/libgcc.a(_udivsi3.o)
 .data          0x00000000        0x0 /usr/lib/gcc/arm-none-eabi/14.2.1/thumb/v6-m/nofp/libgcc.a(_udivsi3.o)
 .bss           0x00000000        0x0 /usr/lib/gcc/arm-none-eabi/14.2.1/thumb/v6-m/nofp/libgcc.a(_udivsi3.o)
 .debug_frame   0x00000000       0x20 /usr/lib/gcc/arm-none-eabi/14.2.1/thumb/v6-m/nofp/libgcc.a(_udivsi3.o)
 .debug_line    0x00000000       0x56 /usr/lib/gcc/arm-none-eabi/14.2.1/thumb/v6-m/nofp/libgcc.a(_udivsi3.o)
 .debug_line_str
                0x00000000       0x97 /usr/lib/gcc/arm-none-eabi/14.2.1/thumb/v6-m/nofp/libgcc.a(_udivsi3.o)
 .debug_info    0x00000000       0x3e /usr/lib/gcc/arm-none-eabi/14.2.1/thumb/v6-m/nofp/libgcc.a(_udivsi3.o)
 .debug_abbrev  0x00000000       0x28 /usr/lib/gcc/arm-none-eabi/14.2.1/thumb/v6-m/nofp/libgcc.a(_udivsi3.o)
 .debug_aranges
                0x00000000       0x20 /usr/lib/gcc/arm-none-eabi/14.2.1/thumb/v6-m/nofp/libgcc.a(_udivsi3.o)
 .debug_str     0x00000000       0xbe /usr/lib/gcc/arm-none-eabi/14.2.1/thumb/v6-m/nofp/libgcc.a(_udivsi3.o)
 .ARM.attributes
                0x00000000       0x1e /usr/lib/gcc/arm-none-eabi/14.2.1/thumb/v6-m/nofp/libgcc.a(_udivsi3.o)
 .text          0x00000000      0x1d4 /usr/lib/gcc/arm-none-eabi/14.2.1/thumb/v6-m/nofp/libgcc.a(_divsi3.o)
 .data          0x00000000        0x0 /usr/lib/gcc/arm-none-eabi/14.2.1/thumb/v6-m/nofp/libgcc.a(_divsi3.o)
 .bss           0x00000000        0x0 /usr/lib/gcc/arm-none-eabi/14.2.1/thumb/v6-m/nofp/libgcc.a(_divsi3.o)
 .debug_frame   0x00000000       0x20 /usr/lib/gcc/arm-none-eabi/14.2.1/thumb/v6-m/nofp/libgcc.a(_divsi3.o)
 .debug_line    0x00000000       0x5d /usr/lib/gcc/arm-none-eabi/14.2.1/thumb/v6-m/nofp/libgcc.a(_divsi3.o)
 .debug_line_str
                0x00000000       0x97 /usr/lib/gcc/arm-none-eabi/14.2.1/thumb/v6-m/nofp/libgcc.a(_divsi3.o)
 .debug_info    0x00000000       0x3e /usr/lib/gcc/arm-none-eabi/14.2.1/thumb/v6-m/nofp/libgcc.a(_divsi3.o)
 .debug_abbrev  0x00000000       0x28 /usr/lib/gcc/arm-none-eabi/14.2.1/thumb/v6-m/nofp/libgcc.a(_divsi3.o)
 .debug_aranges
                0x00000000       0x20 /usr/lib/gcc/arm-none-eabi/14.2.1/thumb/v6-m/nofp/libgcc.a(_divsi3.o)
 .debug_str     0x00000000       0xbc /usr/lib/gcc/arm-none-eabi/14.2.1/thumb/v6-m/nofp/libgcc.a(_divsi3.o)
 .ARM.attributes
                0x00000000       0x1e /usr/lib/gcc/arm-none-eabi/14.2.1/thumb/v6-m/nofp/libgcc.a(_divsi3.o)
 .text          0x00000000        0x4 /usr/lib/gcc/arm-none-eabi/14.2.1/thumb/v6-m/nofp/libgcc.a(_dvmd_tls.o)
 .data          0x00000000        0x0 /usr/lib/gcc/arm-none-eabi/14.2.1/thumb/v6-m/nofp/libgcc.a(_dvmd_tls.o)
 .bss           0x00000000        0x0 /usr/lib/gcc/arm-none-eabi/14.2.1/thumb/v6-m/nofp/libgcc.a(_dvmd_tls.o)
 .debug_line    0x00000000       0x4a /usr/lib/gcc/arm-none-eabi/14.2.1/thumb/v6-m/nofp/libgcc.a(_dvmd_tls.o)
 .debug_line_str
                0x00000000       0x97 /usr/lib/gcc/arm-none-eabi/14.2.1/thumb/v6-m/nofp/libgcc.a(_dvmd_tls.o)
 .debug_info    0x00000000       0x3c /usr/lib/gcc/arm-none-eabi/14.2.1/thumb/v6-m/nofp/libgcc.a(_dvmd_tls.o)
 .debug_abbrev  0x00000000       0x26 /usr/lib/gcc/arm-none-eabi/14.2.1/thumb/v6-m/nofp/libgcc.a(_dvmd_tls.o)
 .debug_aranges
                0x00000000       0x20 /usr/lib/gcc/arm-none-eabi/14.2.1/thumb/v6-m/nofp/libgcc.a(_dvmd_tls.o)
 .debug_str     0x00000000       0xbf /usr/lib/gcc/arm-none-eabi/14.2.1/thumb/v6-m/nofp/libgcc.a(_dvmd_tls.o)
 .ARM.attributes
                0x00000000       0x1e /usr/lib/gcc/arm-none-eabi/14.2.1/thumb/v6-m/nofp/libgcc.a(_dvmd_tls.o)
 .text          0x00000000        0xc /usr/lib/gcc/arm-none-eabi/14.2.1/../../../arm-none-eabi/lib/thumb/v6-m/nofp/libc_nano.a(libc_a-errno.o)
 .data          0x00000000        0x0 /usr/lib/gcc/arm-none-eabi/14.2.1/../../../arm-none-eabi/lib/thumb/v6-m/nofp/libc_nano.a(libc_a-errno.o)
 .bss           0x00000000        0x0 /usr/lib/gcc/arm-none-eabi/14.2.1/../../../arm-none-eabi/lib/thumb/v6-m/nofp/libc_nano.a(libc_a-errno.o)
 .debug_info    0x00000000      0x6f1 /usr/lib/gcc/arm-none-eabi/14.2.1/../../../arm-none-eabi/lib/thumb/v6-m/nofp/libc_nano.a(libc_a-errno.o)
 .debug_abbrev  0x00000000      0x15e /usr/lib/gcc/arm-none-eabi/14.2.1/../../../arm-none-eabi/lib/thumb/v6-m/nofp/libc_nano.a(libc_a-errno.o)
 .debug_aranges
                0x00000000       0x20 /usr/lib/gcc/arm-none-eabi/14.2.1/../../../arm-none-eabi/lib/thumb/v6-m/nofp/libc_nano.a(libc_a-errno.o)
 .debug_line    0x00000000      0x116 /usr/lib/gcc/arm-none-eabi/14.2.1/../../../arm-none-eabi/lib/thumb/v6-m/nofp/libc_nano.a(libc_a-errno.o)
 .debug_str     0x00000000      0x4af /usr/lib/gcc/arm-none-eabi/14.2.1/../../../arm-none-eabi/lib/thumb/v6-m/nofp/libc_nano.a(libc_a-errno.o)
 .comment       0x00000000       0x27 /usr/lib/gcc/arm-none-eabi/14.2.1/../../../arm-none-eabi/lib/thumb/v6-m/nofp/libc_nano.a(libc_a-errno.o)
 .debug_frame   0x00000000       0x20 /usr/lib/gcc/arm-none-eabi/14.2.1/../../../arm-none-eabi/lib/thumb/v6-m/nofp/libc_nano.a(libc_a-errno.o)
 .ARM.attributes
                0x00000000       0x2c /usr/lib/gcc/arm-none-eabi/14.2.1/../../../arm-none-eabi/lib/thumb/v6-m/nofp/libc_nano.a(libc_a-errno.o)
 .text          0x00000000       0x48 /usr/lib/gcc/arm-none-eabi/14.2.1/../../../arm-none-eabi/lib/thumb/v6-m/nofp/libc_nano.a(libc_a-init.o)
 .data          0x00000000        0x0 /usr/lib/gcc/arm-none-eabi/14.2.1/../../../arm-none-eabi/lib/thumb/v6-m/nofp/libc_nano.a(libc_a-init.o)
 .bss           0x00000000        0x0 /usr/lib/gcc/arm-none-eabi/14.2.1/../../../arm-none-eabi/lib/thumb/v6-m/nofp/libc_nano.a(libc_a-init.o)
 .debug_info    0x00000000      0x10b /usr/lib/gcc/arm-none-eabi/14.2.1/../../../arm-none-eabi/lib/thumb/v6-m/nofp/libc_nano.a(libc_a-init.o)
 .debug_abbrev  0x00000000       0xc9 /usr/lib/gcc/arm-none-eabi/14.2.1/../../../arm-none-eabi/lib/thumb/v6-m/nofp/libc_nano.a(libc_a-init.o)
 .debug_loclists
                0x00000000       0x5a /usr/lib/gcc/arm-none-eabi/14.2.1/../../../arm-none-eabi/lib/thumb/v6-m/nofp/libc_nano.a(libc_a-init.o)
 .debug_aranges
                0x00000000       0x20 /usr/lib/gcc/arm-none-eabi/14.2.1/../../../arm-none-eabi/lib/thumb/v6-m/nofp/libc_nano.a(libc_a-init.o)
 .debug_line    0x00000000      0x105 /usr/lib/gcc/arm-none-eabi/14.2.1/../../../arm-none-eabi/lib/thumb/v6-m/nofp/libc_nano.a(libc_a-init.o)
 .debug_str     0x00000000      0x1f3 /usr/lib/gcc/arm-none-eabi/14.2.1/../../../arm-none-eabi/lib/thumb/v6-m/nofp/libc_nano.a(libc_a-init.o)
 .comment       0x00000000       0x27 /usr/lib/gcc/arm-none-eabi/14.2.1/../../../arm-none-eabi/lib/thumb/v6-m/nofp/libc_nano.a(libc_a-init.o)
 .debug_frame   0x00000000       0x2c /usr/lib/gcc/arm-none-eabi/14.2.1/../../../arm-none-eabi/lib/thumb/v6-m/nofp/libc_nano.a(libc_a-init.o)
 .ARM.attributes
                0x00000000       0x2c /usr/lib/gcc/arm-none-eabi/14.2.1/../../../arm-none-eabi/lib/thumb/v6-m/nofp/libc_nano.a(libc_a-init.o)
 .text          0x00000000       0xa8 /usr/lib/gcc/arm-none-eabi/14.2.1/../../../arm-none-eabi/lib/thumb/v6-m/nofp/libc_nano.a(libc_a-memset.o)
 .data          0x00000000        0x0 /usr/lib/gcc/arm-none-eabi/14.2.1/../../../arm-none-eabi/lib/thumb/v6-m/nofp/libc_nano.a(libc_a-memset.o)
 .bss           0x00000000        0x0 /usr/lib/gcc/arm-none-eabi/14.2.1/../../../arm-none-eabi/lib/thumb/v6-m/nofp/libc_nano.a(libc_a-memset.o)
 .debug_info    0x00000000      0x135 /usr/lib/gcc/arm-none-eabi/14.2.1/../../../arm-none-eabi/lib/thumb/v6-m/nofp/libc_nano.a(libc_a-memset.o)
 .debug_abbrev  0x00000000       0xb7 /usr/lib/gcc/arm-none-eabi/14.2.1/../../../arm-none-eabi/lib/thumb/v6-m/nofp/libc_nano.a(libc_a-memset.o)
 .debug_loclists
                0x00000000      0x1c6 /usr/lib/gcc/arm-none-eabi/14.2.1/../../../arm-none-eabi/lib/thumb/v6-m/nofp/libc_nano.a(libc_a-memset.o)
 .debug_aranges
                0x00000000       0x20 /usr/lib/gcc/arm-none-eabi/14.2.1/../../../arm-none-eabi/lib/thumb/v6-m/nofp/libc_nano.a(libc_a-memset.o)
 .debug_line    0x00000000      0x1bd /usr/lib/gcc/arm-none-eabi/14.2.1/../../../arm-none-eabi/lib/thumb/v6-m/nofp/libc_nano.a(libc_a-memset.o)
 .debug_str     0x00000000      0x1a6 /usr/lib/gcc/arm-none-eabi/14.2.1/../../../arm-none-eabi/lib/thumb/v6-m/nofp/libc_nano.a(libc_a-memset.o)
 .comment       0x00000000       0x27 /usr/lib/gcc/arm-none-eabi/14.2.1/../../../arm-none-eabi/lib/thumb/v6-m/nofp/libc_nano.a(libc_a-memset.o)
 .debug_frame   0x00000000       0x30 /usr/lib/gcc/arm-none-eabi/14.2.1/../../../arm-none-eabi/lib/thumb/v6-m/nofp/libc_nano.a(libc_a-memset.o)
 .ARM.attributes
                0x00000000       0x2c /usr/lib/gcc/arm-none-eabi/14.2.1/../../../arm-none-eabi/lib/thumb/v6-m/nofp/libc_nano.a(libc_a-memset.o)
 .text          0x00000000        0x0 /usr/lib/gcc/arm-none-eabi/14.2.1/../../../arm-none-eabi/lib/thumb/v6-m/nofp/libc_nano.a(libc_a-impure.o)
 .data          0x00000000       0x50 /usr/lib/gcc/arm-none-eabi/14.2.1/../../../arm-none-eabi/lib/thumb/v6-m/nofp/libc_nano.a(libc_a-impure.o)
 .bss           0x00000000        0x0 /usr/lib/gcc/arm-none-eabi/14.2.1/../../../arm-none-eabi/lib/thumb/v6-m/nofp/libc_nano.a(libc_a-impure.o)
 .debug_info    0x00000000      0x70b /usr/lib/gcc/arm-none-eabi/14.2.1/../../../arm-none-eabi/lib/thumb/v6-m/nofp/libc_nano.a(libc_a-impure.o)
 .debug_abbrev  0x00000000      0x149 /usr/lib/gcc/arm-none-eabi/14.2.1/../../../arm-none-eabi/lib/thumb/v6-m/nofp/libc_nano.a(libc_a-impure.o)
 .debug_aranges
                0x00000000       0x18 /usr/lib/gcc/arm-none-eabi/14.2.1/../../../arm-none-eabi/lib/thumb/v6-m/nofp/libc_nano.a(libc_a-impure.o)
 .debug_line    0x00000000       0xe7 /usr/lib/gcc/arm-none-eabi/14.2.1/../../../arm-none-eabi/lib/thumb/v6-m/nofp/libc_nano.a(libc_a-impure.o)
 .debug_str     0x00000000      0x4b5 /usr/lib/gcc/arm-none-eabi/14.2.1/../../../arm-none-eabi/lib/thumb/v6-m/nofp/libc_nano.a(libc_a-impure.o)
 .comment       0x00000000       0x27 /usr/lib/gcc/arm-none-eabi/14.2.1/../../../arm-none-eabi/lib/thumb/v6-m/nofp/libc_nano.a(libc_a-impure.o)
 .ARM.attributes
                0x00000000       0x2c /usr/lib/gcc/arm-none-eabi/14.2.1/../../../arm-none-eabi/lib/thumb/v6-m/nofp/libc_nano.a(libc_a-impure.o)
 .text          0x00000000       0x28 /usr/lib/gcc/arm-none-eabi/14.2.1/../../../arm-none-eabi/lib/thumb/v6-m/nofp/libc_nano.a(libc_a-exit.o)
 .data          0x00000000        0x0 /usr/lib/gcc/arm-none-eabi/14.2.1/../../../arm-none-eabi/lib/thumb/v6-m/nofp/libc_nano.a(libc_a-exit.o)
 .bss           0x00000000        0x0 /usr/lib/gcc/arm-none-eabi/14.2.1/../../../arm-none-eabi/lib/thumb/v6-m/nofp/libc_nano.a(libc_a-exit.o)
 .debug_info    0x00000000      0x11b /usr/lib/gcc/arm-none-eabi/14.2.1/../../../arm-none-eabi/lib/thumb/v6-m/nofp/libc_nano.a(libc_a-exit.o)
 .debug_abbrev  0x00000000       0xd8 /usr/lib/gcc/arm-none-eabi/14.2.1/../../../arm-none-eabi/lib/thumb/v6-m/nofp/libc_nano.a(libc_a-exit.o)
 .debug_loclists
                0x00000000       0x1b /usr/lib/gcc/arm-none-eabi/14.2.1/../../../arm-none-eabi/lib/thumb/v6-m/nofp/libc_nano.a(libc_a-exit.o)
 .debug_aranges
                0x00000000       0x20 /usr/lib/gcc/arm-none-eabi/14.2.1/../../../arm-none-eabi/lib/thumb/v6-m/nofp/libc_nano.a(libc_a-exit.o)
 .debug_line    0x00000000      0x12b /usr/lib/gcc/arm-none-eabi/14.2.1/../../../arm-none-eabi/lib/thumb/v6-m/nofp/libc_nano.a(libc_a-exit.o)
 .debug_str     0x00000000      0x1b8 /usr/lib/gcc/arm-none-eabi/14.2.1/../../../arm-none-eabi/lib/thumb/v6-m/nofp/libc_nano.a(libc_a-exit.o)
 .comment       0x00000000       0x27 /usr/lib/gcc/arm-none-eabi/14.2.1/../../../arm-none-eabi/lib/thumb/v6-m/nofp/libc_nano.a(libc_a-exit.o)
 .debug_frame   0x00000000       0x28 /usr/lib/gcc/arm-none-eabi/14.2.1/../../../arm-none-eabi/lib/thumb/v6-m/nofp/libc_nano.a(libc_a-exit.o)
 .ARM.attributes
                0x00000000       0x2c /usr/lib/gcc/arm-none-eabi/14.2.1/../../../arm-none-eabi/lib/thumb/v6-m/nofp/libc_nano.a(libc_a-exit.o)
 .text          0x00000000       0x10 /usr/lib/gcc/arm-none-eabi/14.2.1/../../../arm-none-eabi/lib/thumb/v6-m/nofp/libc_nano.a(libc_a-atexit.o)
 .data          0x00000000        0x0 /usr/lib/gcc/arm-none-eabi/14.2.1/../../../arm-none-eabi/lib/thumb/v6-m/nofp/libc_nano.a(libc_a-atexit.o)
 .bss           0x00000000        0x0 /usr/lib/gcc/arm-none-eabi/14.2.1/../../../arm-none-eabi/lib/thumb/v6-m/nofp/libc_nano.a(libc_a-atexit.o)
 .debug_info    0x00000000      0x11e /usr/lib/gcc/arm-none-eabi/14.2.1/../../../arm-none-eabi/lib/thumb/v6-m/nofp/libc_nano.a(libc_a-atexit.o)
 .debug_abbrev  0x00000000       0xbe /usr/lib/gcc/arm-none-eabi/14.2.1/../../../arm-none-eabi/lib/thumb/v6-m/nofp/libc_nano.a(libc_a-atexit.o)
 .debug_loclists
                0x00000000       0x2b /usr/lib/gcc/arm-none-eabi/14.2.1/../../../arm-none-eabi/lib/thumb/v6-m/nofp/libc_nano.a(libc_a-atexit.o)
 .debug_aranges
                0x00000000       0x20 /usr/lib/gcc/arm-none-eabi/14.2.1/../../../arm-none-eabi/lib/thumb/v6-m/nofp/libc_nano.a(libc_a-atexit.o)
 .debug_line    0x00000000       0xc6 /usr/lib/gcc/arm-none-eabi/14.2.1/../../../arm-none-eabi/lib/thumb/v6-m/nofp/libc_nano.a(libc_a-atexit.o)
 .debug_str     0x00000000      0x1cf /usr/lib/gcc/arm-none-eabi/14.2.1/../../../arm-none-eabi/lib/thumb/v6-m/nofp/libc_nano.a(libc_a-atexit.o)
 .comment       0x00000000       0x27 /usr/lib/gcc/arm-none-eabi/14.2.1/../../../arm-none-eabi/lib/thumb/v6-m/nofp/libc_nano.a(libc_a-atexit.o)
 .debug_frame   0x00000000       0x28 /usr/lib/gcc/arm-none-eabi/14.2.1/../../../arm-none-eabi/lib/thumb/v6-m/nofp/libc_nano.a(libc_a-atexit.o)
 .ARM.attributes
                0x00000000       0x2c /usr/lib/gcc/arm-none-eabi/14.2.1/../../../arm-none-eabi/lib/thumb/v6-m/nofp/libc_nano.a(libc_a-atexit.o)
 .text          0x00000000       0x28 /usr/lib/gcc/arm-none-eabi/14.2.1/../../../arm-none-eabi/lib/thumb/v6-m/nofp/libc_nano.a(libc_a-fini.o)
 .data          0x00000000        0x0 /usr/lib/gcc/arm-none-eabi/14.2.1/../../../arm-none-eabi/lib/thumb/v6-m/nofp/libc_nano.a(libc_a-fini.o)
 .bss           0x00000000        0x0 /usr/lib/gcc/arm-none-eabi/14.2.1/../../../arm-none-eabi/lib/thumb/v6-m/nofp/libc_nano.a(libc_a-fini.o)
 .debug_info    0x00000000       0xf7 /usr/lib/gcc/arm-none-eabi/14.2.1/../../../arm-none-eabi/lib/thumb/v6-m/nofp/libc_nano.a(libc_a-fini.o)
 .debug_abbrev  0x00000000       0xc9 /usr/lib/gcc/arm-none-eabi/14.2.1/../../../arm-none-eabi/lib/thumb/v6-m/nofp/libc_nano.a(libc_a-fini.o)
 .debug_loclists
                0x00000000       0x2c /usr/lib/gcc/arm-none-eabi/14.2.1/../../../arm-none-eabi/lib/thumb/v6-m/nofp/libc_nano.a(libc_a-fini.o)
 .debug_aranges
                0x00000000       0x20 /usr/lib/gcc/arm-none-eabi/14.2.1/../../../arm-none-eabi/lib/thumb/v6-m/nofp/libc_nano.a(libc_a-fini.o)
 .debug_line    0x00000000       0xd1 /usr/lib/gcc/arm-none-eabi/14.2.1/../../../arm-none-eabi/lib/thumb/v6-m/nofp/libc_nano.a(libc_a-fini.o)
 .debug_str     0x00000000      0x1c9 /usr/lib/gcc/arm-none-eabi/14.2.1/../../../arm-none-eabi/lib/thumb/v6-m/nofp/libc_nano.a(libc_a-fini.o)
 .comment       0x00000000       0x27 /usr/lib/gcc/arm-none-eabi/14.2.1/../../../arm-none-eabi/lib/thumb/v6-m/nofp/libc_nano.a(libc_a-fini.o)
 .debug_frame   0x00000000       0x2c /usr/lib/gcc/arm-none-eabi/14.2.1/../../../arm-none-eabi/lib/thumb/v6-m/nofp/libc_nano.a(libc_a-fini.o)
 .ARM.attributes
                0x00000000       0x2c /usr/lib/gcc/arm-none-eabi/14.2.1/../../../arm-none-eabi/lib/thumb/v6-m/nofp/libc_nano.a(libc_a-fini.o)
 .text          0x00000000      0x258 /usr/lib/gcc/arm-none-eabi/14.2.1/../../../arm-none-eabi/lib/thumb/v6-m/nofp/libc_nano.a(libc_a-findfp.o)
 .data          0x00000000        0xc /usr/lib/gcc/arm-none-eabi/14.2.1/../../../arm-none-eabi/lib/thumb/v6-m/nofp/libc_nano.a(libc_a-findfp.o)
 .bss           0x00000000      0x13c /usr/lib/gcc/arm-none-eabi/14.2.1/../../../arm-none-eabi/lib/thumb/v6-m/nofp/libc_nano.a(libc_a-findfp.o)
 .debug_info    0x00000000      0xe8d /usr/lib/gcc/arm-none-eabi/14.2.1/../../../arm-none-eabi/lib/thumb/v6-m/nofp/libc_nano.a(libc_a-findfp.o)
 .debug_abbrev  0x00000000      0x3f2 /usr/lib/gcc/arm-none-eabi/14.2.1/../../../arm-none-eabi/lib/thumb/v6-m/nofp/libc_nano.a(libc_a-findfp.o)
 .debug_loclists
                0x00000000      0x1dd /usr/lib/gcc/arm-none-eabi/14.2.1/../../../arm-none-eabi/lib/thumb/v6-m/nofp/libc_nano.a(libc_a-findfp.o)
 .debug_aranges
                0x00000000       0x20 /usr/lib/gcc/arm-none-eabi/14.2.1/../../../arm-none-eabi/lib/thumb/v6-m/nofp/libc_nano.a(libc_a-findfp.o)
 .debug_rnglists
                0x00000000       0x6d /usr/lib/gcc/arm-none-eabi/14.2.1/../../../arm-none-eabi/lib/thumb/v6-m/nofp/libc_nano.a(libc_a-findfp.o)
 .debug_line    0x00000000      0x58a /usr/lib/gcc/arm-none-eabi/14.2.1/../../../arm-none-eabi/lib/thumb/v6-m/nofp/libc_nano.a(libc_a-findfp.o)
 .debug_str     0x00000000      0x6b8 /usr/lib/gcc/arm-none-eabi/14.2.1/../../../arm-none-eabi/lib/thumb/v6-m/nofp/libc_nano.a(libc_a-findfp.o)
 .comment       0x00000000       0x27 /usr/lib/gcc/arm-none-eabi/14.2.1/../../../arm-none-eabi/lib/thumb/v6-m/nofp/libc_nano.a(libc_a-findfp.o)
 .debug_frame   0x00000000      0x110 /usr/lib/gcc/arm-none-eabi/14.2.1/../../../arm-none-eabi/lib/thumb/v6-m/nofp/libc_nano.a(libc_a-findfp.o)
 .ARM.attributes
                0x00000000       0x2c /usr/lib/gcc/arm-none-eabi/14.2.1/../../../arm-none-eabi/lib/thumb/v6-m/nofp/libc_nano.a(libc_a-findfp.o)
 .text          0x00000000      0x1a8 /usr/lib/gcc/arm-none-eabi/14.2.1/../../../arm-none-eabi/lib/thumb/v6-m/nofp/libc_nano.a(libc_a-fflush.o)
 .data          0x00000000        0x0 /usr/lib/gcc/arm-none-eabi/14.2.1/../../../arm-none-eabi/lib/thumb/v6-m/nofp/libc_nano.a(libc_a-fflush.o)
 .bss           0x00000000        0x0 /usr/lib/gcc/arm-none-eabi/14.2.1/../../../arm-none-eabi/lib/thumb/v6-m/nofp/libc_nano.a(libc_a-fflush.o)
 .debug_info    0x00000000      0xa46 /usr/lib/gcc/arm-none-eabi/14.2.1/../../../arm-none-eabi/lib/thumb/v6-m/nofp/libc_nano.a(libc_a-fflush.o)
 .debug_abbrev  0x00000000      0x2d1 /usr/lib/gcc/arm-none-eabi/14.2.1/../../../arm-none-eabi/lib/thumb/v6-m/nofp/libc_nano.a(libc_a-fflush.o)
 .debug_loclists
                0x00000000      0x2a4 /usr/lib/gcc/arm-none-eabi/14.2.1/../../../arm-none-eabi/lib/thumb/v6-m/nofp/libc_nano.a(libc_a-fflush.o)
 .debug_aranges
                0x00000000       0x20 /usr/lib/gcc/arm-none-eabi/14.2.1/../../../arm-none-eabi/lib/thumb/v6-m/nofp/libc_nano.a(libc_a-fflush.o)
 .debug_rnglists
                0x00000000       0x4a /usr/lib/gcc/arm-none-eabi/14.2.1/../../../arm-none-eabi/lib/thumb/v6-m/nofp/libc_nano.a(libc_a-fflush.o)
 .debug_line    0x00000000      0x46a /usr/lib/gcc/arm-none-eabi/14.2.1/../../../arm-none-eabi/lib/thumb/v6-m/nofp/libc_nano.a(libc_a-fflush.o)
 .debug_str     0x00000000      0x53c /usr/lib/gcc/arm-none-eabi/14.2.1/../../../arm-none-eabi/lib/thumb/v6-m/nofp/libc_nano.a(libc_a-fflush.o)
 .comment       0x00000000       0x27 /usr/lib/gcc/arm-none-eabi/14.2.1/../../../arm-none-eabi/lib/thumb/v6-m/nofp/libc_nano.a(libc_a-fflush.o)
 .debug_frame   0x00000000       0x6c /usr/lib/gcc/arm-none-eabi/14.2.1/../../../arm-none-eabi/lib/thumb/v6-m/nofp/libc_nano.a(libc_a-fflush.o)
 .ARM.attributes
                0x00000000       0x2c /usr/lib/gcc/arm-none-eabi/14.2.1/../../../arm-none-eabi/lib/thumb/v6-m/nofp/libc_nano.a(libc_a-fflush.o)
 .text          0x00000000      0x158 /usr/lib/gcc/arm-none-eabi/14.2.1/../../../arm-none-eabi/lib/thumb/v6-m/nofp/libc_nano.a(libc_a-mallocr.o)
 .data          0x00000000        0x0 /usr/lib/gcc/arm-none-eabi/14.2.1/../../../arm-none-eabi/lib/thumb/v6-m/nofp/libc_nano.a(libc_a-mallocr.o)
 .bss           0x00000000        0x8 /usr/lib/gcc/arm-none-eabi/14.2.1/../../../arm-none-eabi/lib/thumb/v6-m/nofp/libc_nano.a(libc_a-mallocr.o)
 .debug_info    0x00000000      0x9bb /usr/lib/gcc/arm-none-eabi/14.2.1/../../../arm-none-eabi/lib/thumb/v6-m/nofp/libc_nano.a(libc_a-mallocr.o)
 .debug_abbrev  0x00000000      0x241 /usr/lib/gcc/arm-none-eabi/14.2.1/../../../arm-none-eabi/lib/thumb/v6-m/nofp/libc_nano.a(libc_a-mallocr.o)
 .debug_loclists
                0x00000000      0x2a9 /usr/lib/gcc/arm-none-eabi/14.2.1/../../../arm-none-eabi/lib/thumb/v6-m/nofp/libc_nano.a(libc_a-mallocr.o)
 .debug_aranges
                0x00000000       0x20 /usr/lib/gcc/arm-none-eabi/14.2.1/../../../arm-none-eabi/lib/thumb/v6-m/nofp/libc_nano.a(libc_a-mallocr.o)
 .debug_rnglists
                0x00000000       0x1f /usr/lib/gcc/arm-none-eabi/14.2.1/../../../arm-none-eabi/lib/thumb/v6-m/nofp/libc_nano.a(libc_a-mallocr.o)
 .debug_line    0x00000000      0x456 /usr/lib/gcc/arm-none-eabi/14.2.1/../../../arm-none-eabi/lib/thumb/v6-m/nofp/libc_nano.a(libc_a-mallocr.o)
 .debug_str     0x00000000      0x596 /usr/lib/gcc/arm-none-eabi/14.2.1/../../../arm-none-eabi/lib/thumb/v6-m/nofp/libc_nano.a(libc_a-mallocr.o)
 .comment       0x00000000       0x27 /usr/lib/gcc/arm-none-eabi/14.2.1/../../../arm-none-eabi/lib/thumb/v6-m/nofp/libc_nano.a(libc_a-mallocr.o)
 .debug_frame   0x00000000       0x54 /usr/lib/gcc/arm-none-eabi/14.2.1/../../../arm-none-eabi/lib/thumb/v6-m/nofp/libc_nano.a(libc_a-mallocr.o)
 .ARM.attributes
                0x00000000       0x2c /usr/lib/gcc/arm-none-eabi/14.2.1/../../../arm-none-eabi/lib/thumb/v6-m/nofp/libc_nano.a(libc_a-mallocr.o)
 .text          0x00000000       0xb8 /usr/lib/gcc/arm-none-eabi/14.2.1/../../../arm-none-eabi/lib/thumb/v6-m/nofp/libc_nano.a(libc_a-freer.o)
 .data          0x00000000        0x0 /usr/lib/gcc/arm-none-eabi/14.2.1/../../../arm-none-eabi/lib/thumb/v6-m/nofp/libc_nano.a(libc_a-freer.o)
 .bss           0x00000000        0x0 /usr/lib/gcc/arm-none-eabi/14.2.1/../../../arm-none-eabi/lib/thumb/v6-m/nofp/libc_nano.a(libc_a-freer.o)
 .debug_info    0x00000000      0x86a /usr/lib/gcc/arm-none-eabi/14.2.1/../../../arm-none-eabi/lib/thumb/v6-m/nofp/libc_nano.a(libc_a-freer.o)
 .debug_abbrev  0x00000000      0x238 /usr/lib/gcc/arm-none-eabi/14.2.1/../../../arm-none-eabi/lib/thumb/v6-m/nofp/libc_nano.a(libc_a-freer.o)
 .debug_loclists
                0x00000000      0x11a /usr/lib/gcc/arm-none-eabi/14.2.1/../../../arm-none-eabi/lib/thumb/v6-m/nofp/libc_nano.a(libc_a-freer.o)
 .debug_aranges
                0x00000000       0x20 /usr/lib/gcc/arm-none-eabi/14.2.1/../../../arm-none-eabi/lib/thumb/v6-m/nofp/libc_nano.a(libc_a-freer.o)
 .debug_rnglists
                0x00000000       0x13 /usr/lib/gcc/arm-none-eabi/14.2.1/../../../arm-none-eabi/lib/thumb/v6-m/nofp/libc_nano.a(libc_a-freer.o)
 .debug_line    0x00000000      0x2d9 /usr/lib/gcc/arm-none-eabi/14.2.1/../../../arm-none-eabi/lib/thumb/v6-m/nofp/libc_nano.a(libc_a-freer.o)
 .debug_str     0x00000000      0x535 /usr/lib/gcc/arm-none-eabi/14.2.1/../../../arm-none-eabi/lib/thumb/v6-m/nofp/libc_nano.a(libc_a-freer.o)
 .comment       0x00000000       0x27 /usr/lib/gcc/arm-none-eabi/14.2.1/../../../arm-none-eabi/lib/thumb/v6-m/nofp/libc_nano.a(libc_a-freer.o)
 .debug_frame   0x00000000       0x2c /usr/lib/gcc/arm-none-eabi/14.2.1/../../../arm-none-eabi/lib/thumb/v6-m/nofp/libc_nano.a(libc_a-freer.o)
 .ARM.attributes
                0x00000000       0x2c /usr/lib/gcc/arm-none-eabi/14.2.1/../../../arm-none-eabi/lib/thumb/v6-m/nofp/libc_nano.a(libc_a-freer.o)
 .text          0x00000000       0x44 /usr/lib/gcc/arm-none-eabi/14.2.1/../../../arm-none-eabi/lib/thumb/v6-m/nofp/libc_nano.a(libc_a-fwalk.o)
 .data          0x00000000        0x0 /usr/lib/gcc/arm-none-eabi/14.2.1/../../../arm-none-eabi/lib/thumb/v6-m/nofp/libc_nano.a(libc_a-fwalk.o)
 .bss           0x00000000        0x0 /usr/lib/gcc/arm-none-eabi/14.2.1/../../../arm-none-eabi/lib/thumb/v6-m/nofp/libc_nano.a(libc_a-fwalk.o)
 .debug_info    0x00000000      0x7c8 /usr/lib/gcc/arm-none-eabi/14.2.1/../../../arm-none-eabi/lib/thumb/v6-m/nofp/libc_nano.a(libc_a-fwalk.o)
 .debug_abbrev  0x00000000      0x19b /usr/lib/gcc/arm-none-eabi/14.2.1/../../../arm-none-eabi/lib/thumb/v6-m/nofp/libc_nano.a(libc_a-fwalk.o)
 .debug_loclists
                0x00000000       0xa0 /usr/lib/gcc/arm-none-eabi/14.2.1/../../../arm-none-eabi/lib/thumb/v6-m/nofp/libc_nano.a(libc_a-fwalk.o)
 .debug_aranges
                0x00000000       0x20 /usr/lib/gcc/arm-none-eabi/14.2.1/../../../arm-none-eabi/lib/thumb/v6-m/nofp/libc_nano.a(libc_a-fwalk.o)
 .debug_line    0x00000000      0x1b2 /usr/lib/gcc/arm-none-eabi/14.2.1/../../../arm-none-eabi/lib/thumb/v6-m/nofp/libc_nano.a(libc_a-fwalk.o)
 .debug_str     0x00000000      0x4c5 /usr/lib/gcc/arm-none-eabi/14.2.1/../../../arm-none-eabi/lib/thumb/v6-m/nofp/libc_nano.a(libc_a-fwalk.o)
 .comment       0x00000000       0x27 /usr/lib/gcc/arm-none-eabi/14.2.1/../../../arm-none-eabi/lib/thumb/v6-m/nofp/libc_nano.a(libc_a-fwalk.o)
 .debug_frame   0x00000000       0x38 /usr/lib/gcc/arm-none-eabi/14.2.1/../../../arm-none-eabi/lib/thumb/v6-m/nofp/libc_nano.a(libc_a-fwalk.o)
 .ARM.attributes
                0x00000000       0x2c /usr/lib/gcc/arm-none-eabi/14.2.1/../../../arm-none-eabi/lib/thumb/v6-m/nofp/libc_nano.a(libc_a-fwalk.o)
 .text          0x00000000       0xc4 /usr/lib/gcc/arm-none-eabi/14.2.1/../../../arm-none-eabi/lib/thumb/v6-m/nofp/libc_nano.a(libc_a-__atexit.o)
 .data          0x00000000        0x4 /usr/lib/gcc/arm-none-eabi/14.2.1/../../../arm-none-eabi/lib/thumb/v6-m/nofp/libc_nano.a(libc_a-__atexit.o)
 .bss           0x00000000       0x8c /usr/lib/gcc/arm-none-eabi/14.2.1/../../../arm-none-eabi/lib/thumb/v6-m/nofp/libc_nano.a(libc_a-__atexit.o)
 .debug_info    0x00000000      0x284 /usr/lib/gcc/arm-none-eabi/14.2.1/../../../arm-none-eabi/lib/thumb/v6-m/nofp/libc_nano.a(libc_a-__atexit.o)
 .debug_abbrev  0x00000000      0x1d4 /usr/lib/gcc/arm-none-eabi/14.2.1/../../../arm-none-eabi/lib/thumb/v6-m/nofp/libc_nano.a(libc_a-__atexit.o)
 .debug_loclists
                0x00000000      0x147 /usr/lib/gcc/arm-none-eabi/14.2.1/../../../arm-none-eabi/lib/thumb/v6-m/nofp/libc_nano.a(libc_a-__atexit.o)
 .debug_aranges
                0x00000000       0x20 /usr/lib/gcc/arm-none-eabi/14.2.1/../../../arm-none-eabi/lib/thumb/v6-m/nofp/libc_nano.a(libc_a-__atexit.o)
 .debug_line    0x00000000      0x243 /usr/lib/gcc/arm-none-eabi/14.2.1/../../../arm-none-eabi/lib/thumb/v6-m/nofp/libc_nano.a(libc_a-__atexit.o)
 .debug_str     0x00000000      0x289 /usr/lib/gcc/arm-none-eabi/14.2.1/../../../arm-none-eabi/lib/thumb/v6-m/nofp/libc_nano.a(libc_a-__atexit.o)
 .comment       0x00000000       0x27 /usr/lib/gcc/arm-none-eabi/14.2.1/../../../arm-none-eabi/lib/thumb/v6-m/nofp/libc_nano.a(libc_a-__atexit.o)
 .debug_frame   0x00000000       0x38 /usr/lib/gcc/arm-none-eabi/14.2.1/../../../arm-none-eabi/lib/thumb/v6-m/nofp/libc_nano.a(libc_a-__atexit.o)
 .ARM.attributes
                0x00000000       0x2c /usr/lib/gcc/arm-none-eabi/14.2.1/../../../arm-none-eabi/lib/thumb/v6-m/nofp/libc_nano.a(libc_a-__atexit.o)
 .text          0x00000000        0x8 /usr/lib/gcc/arm-none-eabi/14.2.1/../../../arm-none-eabi/lib/thumb/v6-m/nofp/libc_nano.a(libc_a-mlock.o)
 .data          0x00000000        0x0 /usr/lib/gcc/arm-none-eabi/14.2.1/../../../arm-none-eabi/lib/thumb/v6-m/nofp/libc_nano.a(libc_a-mlock.o)
 .bss           0x00000000        0x0 /usr/lib/gcc/arm-none-eabi/14.2.1/../../../arm-none-eabi/lib/thumb/v6-m/nofp/libc_nano.a(libc_a-mlock.o)
 .debug_info    0x00000000      0x71c /usr/lib/gcc/arm-none-eabi/14.2.1/../../../arm-none-eabi/lib/thumb/v6-m/nofp/libc_nano.a(libc_a-mlock.o)
 .debug_abbrev  0x00000000      0x192 /usr/lib/gcc/arm-none-eabi/14.2.1/../../../arm-none-eabi/lib/thumb/v6-m/nofp/libc_nano.a(libc_a-mlock.o)
 .debug_aranges
                0x00000000       0x20 /usr/lib/gcc/arm-none-eabi/14.2.1/../../../arm-none-eabi/lib/thumb/v6-m/nofp/libc_nano.a(libc_a-mlock.o)
 .debug_line    0x00000000      0x153 /usr/lib/gcc/arm-none-eabi/14.2.1/../../../arm-none-eabi/lib/thumb/v6-m/nofp/libc_nano.a(libc_a-mlock.o)
 .debug_str     0x00000000      0x4d3 /usr/lib/gcc/arm-none-eabi/14.2.1/../../../arm-none-eabi/lib/thumb/v6-m/nofp/libc_nano.a(libc_a-mlock.o)
 .comment       0x00000000       0x27 /usr/lib/gcc/arm-none-eabi/14.2.1/../../../arm-none-eabi/lib/thumb/v6-m/nofp/libc_nano.a(libc_a-mlock.o)
 .debug_frame   0x00000000       0x30 /usr/lib/gcc/arm-none-eabi/14.2.1/../../../arm-none-eabi/lib/thumb/v6-m/nofp/libc_nano.a(libc_a-mlock.o)
 .ARM.attributes
                0x00000000       0x2c /usr/lib/gcc/arm-none-eabi/14.2.1/../../../arm-none-eabi/lib/thumb/v6-m/nofp/libc_nano.a(libc_a-mlock.o)
 .text          0x00000000       0x24 /usr/lib/gcc/arm-none-eabi/14.2.1/../../../arm-none-eabi/lib/thumb/v6-m/nofp/libc_nano.a(libc_a-sbrkr.o)
 .data          0x00000000        0x0 /usr/lib/gcc/arm-none-eabi/14.2.1/../../../arm-none-eabi/lib/thumb/v6-m/nofp/libc_nano.a(libc_a-sbrkr.o)
 .bss           0x00000000        0x0 /usr/lib/gcc/arm-none-eabi/14.2.1/../../../arm-none-eabi/lib/thumb/v6-m/nofp/libc_nano.a(libc_a-sbrkr.o)
 .debug_info    0x00000000      0x778 /usr/lib/gcc/arm-none-eabi/14.2.1/../../../arm-none-eabi/lib/thumb/v6-m/nofp/libc_nano.a(libc_a-sbrkr.o)
 .debug_abbrev  0x00000000      0x1da /usr/lib/gcc/arm-none-eabi/14.2.1/../../../arm-none-eabi/lib/thumb/v6-m/nofp/libc_nano.a(libc_a-sbrkr.o)
 .debug_loclists
                0x00000000       0x52 /usr/lib/gcc/arm-none-eabi/14.2.1/../../../arm-none-eabi/lib/thumb/v6-m/nofp/libc_nano.a(libc_a-sbrkr.o)
 .debug_aranges
                0x00000000       0x20 /usr/lib/gcc/arm-none-eabi/14.2.1/../../../arm-none-eabi/lib/thumb/v6-m/nofp/libc_nano.a(libc_a-sbrkr.o)
 .debug_line    0x00000000      0x193 /usr/lib/gcc/arm-none-eabi/14.2.1/../../../arm-none-eabi/lib/thumb/v6-m/nofp/libc_nano.a(libc_a-sbrkr.o)
 .debug_str     0x00000000      0x4be /usr/lib/gcc/arm-none-eabi/14.2.1/../../../arm-none-eabi/lib/thumb/v6-m/nofp/libc_nano.a(libc_a-sbrkr.o)
 .comment       0x00000000       0x27 /usr/lib/gcc/arm-none-eabi/14.2.1/../../../arm-none-eabi/lib/thumb/v6-m/nofp/libc_nano.a(libc_a-sbrkr.o)
 .debug_frame   0x00000000       0x2c /usr/lib/gcc/arm-none-eabi/14.2.1/../../../arm-none-eabi/lib/thumb/v6-m/nofp/libc_nano.a(libc_a-sbrkr.o)
 .ARM.attributes
                0x00000000       0x2c /usr/lib/gcc/arm-none-eabi/14.2.1/../../../arm-none-eabi/lib/thumb/v6-m/nofp/libc_nano.a(libc_a-sbrkr.o)
 .text          0x00000000       0xa8 /usr/lib/gcc/arm-none-eabi/14.2.1/../../../arm-none-eabi/lib/thumb/v6-m/nofp/libc_nano.a(libc_a-stdio.o)
 .data          0x00000000        0x0 /usr/lib/gcc/arm-none-eabi/14.2.1/../../../arm-none-eabi/lib/thumb/v6-m/nofp/libc_nano.a(libc_a-stdio.o)
 .bss           0x00000000        0x0 /usr/lib/gcc/arm-none-eabi/14.2.1/../../../arm-none-eabi/lib/thumb/v6-m/nofp/libc_nano.a(libc_a-stdio.o)
 .debug_info    0x00000000      0xa72 /usr/lib/gcc/arm-none-eabi/14.2.1/../../../arm-none-eabi/lib/thumb/v6-m/nofp/libc_nano.a(libc_a-stdio.o)
 .debug_abbrev  0x00000000      0x206 /usr/lib/gcc/arm-none-eabi/14.2.1/../../../arm-none-eabi/lib/thumb/v6-m/nofp/libc_nano.a(libc_a-stdio.o)
 .debug_loclists
                0x00000000      0x292 /usr/lib/gcc/arm-none-eabi/14.2.1/../../../arm-none-eabi/lib/thumb/v6-m/nofp/libc_nano.a(libc_a-stdio.o)
 .debug_aranges
                0x00000000       0x20 /usr/lib/gcc/arm-none-eabi/14.2.1/../../../arm-none-eabi/lib/thumb/v6-m/nofp/libc_nano.a(libc_a-stdio.o)
 .debug_line    0x00000000      0x238 /usr/lib/gcc/arm-none-eabi/14.2.1/../../../arm-none-eabi/lib/thumb/v6-m/nofp/libc_nano.a(libc_a-stdio.o)
 .debug_str     0x00000000      0x522 /usr/lib/gcc/arm-none-eabi/14.2.1/../../../arm-none-eabi/lib/thumb/v6-m/nofp/libc_nano.a(libc_a-stdio.o)
 .comment       0x00000000       0x27 /usr/lib/gcc/arm-none-eabi/14.2.1/../../../arm-none-eabi/lib/thumb/v6-m/nofp/libc_nano.a(libc_a-stdio.o)
 .debug_frame   0x00000000       0x90 /usr/lib/gcc/arm-none-eabi/14.2.1/../../../arm-none-eabi/lib/thumb/v6-m/nofp/libc_nano.a(libc_a-stdio.o)
 .ARM.attributes
                0x00000000       0x2c /usr/lib/gcc/arm-none-eabi/14.2.1/../../../arm-none-eabi/lib/thumb/v6-m/nofp/libc_nano.a(libc_a-stdio.o)
 .text          0x00000000       0x28 /usr/lib/gcc/arm-none-eabi/14.2.1/../../../arm-none-eabi/lib/thumb/v6-m/nofp/libc_nano.a(libc_a-readr.o)
 .data          0x00000000        0x0 /usr/lib/gcc/arm-none-eabi/14.2.1/../../../arm-none-eabi/lib/thumb/v6-m/nofp/libc_nano.a(libc_a-readr.o)
 .bss           0x00000000        0x0 /usr/lib/gcc/arm-none-eabi/14.2.1/../../../arm-none-eabi/lib/thumb/v6-m/nofp/libc_nano.a(libc_a-readr.o)
 .debug_info    0x00000000      0x7b5 /usr/lib/gcc/arm-none-eabi/14.2.1/../../../arm-none-eabi/lib/thumb/v6-m/nofp/libc_nano.a(libc_a-readr.o)
 .debug_abbrev  0x00000000      0x1b0 /usr/lib/gcc/arm-none-eabi/14.2.1/../../../arm-none-eabi/lib/thumb/v6-m/nofp/libc_nano.a(libc_a-readr.o)
 .debug_loclists
                0x00000000       0x97 /usr/lib/gcc/arm-none-eabi/14.2.1/../../../arm-none-eabi/lib/thumb/v6-m/nofp/libc_nano.a(libc_a-readr.o)
 .debug_aranges
                0x00000000       0x20 /usr/lib/gcc/arm-none-eabi/14.2.1/../../../arm-none-eabi/lib/thumb/v6-m/nofp/libc_nano.a(libc_a-readr.o)
 .debug_line    0x00000000      0x18d /usr/lib/gcc/arm-none-eabi/14.2.1/../../../arm-none-eabi/lib/thumb/v6-m/nofp/libc_nano.a(libc_a-readr.o)
 .debug_str     0x00000000      0x4b9 /usr/lib/gcc/arm-none-eabi/14.2.1/../../../arm-none-eabi/lib/thumb/v6-m/nofp/libc_nano.a(libc_a-readr.o)
 .comment       0x00000000       0x27 /usr/lib/gcc/arm-none-eabi/14.2.1/../../../arm-none-eabi/lib/thumb/v6-m/nofp/libc_nano.a(libc_a-readr.o)
 .debug_frame   0x00000000       0x2c /usr/lib/gcc/arm-none-eabi/14.2.1/../../../arm-none-eabi/lib/thumb/v6-m/nofp/libc_nano.a(libc_a-readr.o)
 .ARM.attributes
                0x00000000       0x2c /usr/lib/gcc/arm-none-eabi/14.2.1/../../../arm-none-eabi/lib/thumb/v6-m/nofp/libc_nano.a(libc_a-readr.o)
 .text          0x00000000       0x28 /usr/lib/gcc/arm-none-eabi/14.2.1/../../../arm-none-eabi/lib/thumb/v6-m/nofp/libc_nano.a(libc_a-writer.o)
 .data          0x00000000        0x0 /usr/lib/gcc/arm-none-eabi/14.2.1/../../../arm-none-eabi/lib/thumb/v6-m/nofp/libc_nano.a(libc_a-writer.o)
 .bss           0x00000000        0x0 /usr/lib/gcc/arm-none-eabi/14.2.1/../../../arm-none-eabi/lib/thumb/v6-m/nofp/libc_nano.a(libc_a-writer.o)
 .debug_info    0x00000000      0x7bb /usr/lib/gcc/arm-none-eabi/14.2.1/../../../arm-none-eabi/lib/thumb/v6-m/nofp/libc_nano.a(libc_a-writer.o)
 .debug_abbrev  0x00000000      0x1b5 /usr/lib/gcc/arm-none-eabi/14.2.1/../../../arm-none-eabi/lib/thumb/v6-m/nofp/libc_nano.a(libc_a-writer.o)
 .debug_loclists
                0x00000000       0x97 /usr/lib/gcc/arm-none-eabi/14.2.1/../../../arm-none-eabi/lib/thumb/v6-m/nofp/libc_nano.a(libc_a-writer.o)
 .debug_aranges
                0x00000000       0x20 /usr/lib/gcc/arm-none-eabi/14.2.1/../../../arm-none-eabi/lib/thumb/v6-m/nofp/libc_nano.a(libc_a-writer.o)
 .debug_line    0x00000000      0x18e /usr/lib/gcc/arm-none-eabi/14.2.1/../../../arm-none-eabi/lib/thumb/v6-m/nofp/libc_nano.a(libc_a-writer.o)
 .debug_str     0x00000000      0x4bb /usr/lib/gcc/arm-none-eabi/14.2.1/../../../arm-none-eabi/lib/thumb/v6-m/nofp/libc_nano.a(libc_a-writer.o)
 .comment       0x00000000       0x27 /usr/lib/gcc/arm-none-eabi/14.2.1/../../../arm-none-eabi/lib/thumb/v6-m/nofp/libc_nano.a(libc_a-writer.o)
 .debug_frame   0x00000000       0x2c /usr/lib/gcc/arm-none-eabi/14.2.1/../../../arm-none-eabi/lib/thumb/v6-m/nofp/libc_nano.a(libc_a-writer.o)
 .ARM.attributes
                0x00000000       0x2c /usr/lib/gcc/arm-none-eabi/14.2.1/../../../arm-none-eabi/lib/thumb/v6-m/nofp/libc_nano.a(libc_a-writer.o)
 .text          0x00000000       0x24 /usr/lib/gcc/arm-none-eabi/14.2.1/../../../arm-none-eabi/lib/thumb/v6-m/nofp/libc_nano.a(libc_a-closer.o)
 .data          0x00000000        0x0 /usr/lib/gcc/arm-none-eabi/14.2.1/../../../arm-none-eabi/lib/thumb/v6-m/nofp/libc_nano.a(libc_a-closer.o)
 .bss           0x00000000        0x0 /usr/lib/gcc/arm-none-eabi/14.2.1/../../../arm-none-eabi/lib/thumb/v6-m/nofp/libc_nano.a(libc_a-closer.o)
 .debug_info    0x00000000      0x753 /usr/lib/gcc/arm-none-eabi/14.2.1/../../../arm-none-eabi/lib/thumb/v6-m/nofp/libc_nano.a(libc_a-closer.o)
 .debug_abbrev  0x00000000      0x1b0 /usr/lib/gcc/arm-none-eabi/14.2.1/../../../arm-none-eabi/lib/thumb/v6-m/nofp/libc_nano.a(libc_a-closer.o)
 .debug_loclists
                0x00000000       0x52 /usr/lib/gcc/arm-none-eabi/14.2.1/../../../arm-none-eabi/lib/thumb/v6-m/nofp/libc_nano.a(libc_a-closer.o)
 .debug_aranges
                0x00000000       0x20 /usr/lib/gcc/arm-none-eabi/14.2.1/../../../arm-none-eabi/lib/thumb/v6-m/nofp/libc_nano.a(libc_a-closer.o)
 .debug_line    0x00000000      0x193 /usr/lib/gcc/arm-none-eabi/14.2.1/../../../arm-none-eabi/lib/thumb/v6-m/nofp/libc_nano.a(libc_a-closer.o)
 .debug_str     0x00000000      0x4ab /usr/lib/gcc/arm-none-eabi/14.2.1/../../../arm-none-eabi/lib/thumb/v6-m/nofp/libc_nano.a(libc_a-closer.o)
 .comment       0x00000000       0x27 /usr/lib/gcc/arm-none-eabi/14.2.1/../../../arm-none-eabi/lib/thumb/v6-m/nofp/libc_nano.a(libc_a-closer.o)
 .debug_frame   0x00000000       0x2c /usr/lib/gcc/arm-none-eabi/14.2.1/../../../arm-none-eabi/lib/thumb/v6-m/nofp/libc_nano.a(libc_a-closer.o)
 .ARM.attributes
                0x00000000       0x2c /usr/lib/gcc/arm-none-eabi/14.2.1/../../../arm-none-eabi/lib/thumb/v6-m/nofp/libc_nano.a(libc_a-closer.o)
 .text          0x00000000       0x28 /usr/lib/gcc/arm-none-eabi/14.2.1/../../../arm-none-eabi/lib/thumb/v6-m/nofp/libc_nano.a(libc_a-lseekr.o)
 .data          0x00000000        0x0 /usr/lib/gcc/arm-none-eabi/14.2.1/../../../arm-none-eabi/lib/thumb/v6-m/nofp/libc_nano.a(libc_a-lseekr.o)
 .bss           0x00000000        0x0 /usr/lib/gcc/arm-none-eabi/14.2.1/../../../arm-none-eabi/lib/thumb/v6-m/nofp/libc_nano.a(libc_a-lseekr.o)
 .debug_info    0x00000000      0x79e /usr/lib/gcc/arm-none-eabi/14.2.1/../../../arm-none-eabi/lib/thumb/v6-m/nofp/libc_nano.a(libc_a-lseekr.o)
 .debug_abbrev  0x00000000      0x1c4 /usr/lib/gcc/arm-none-eabi/14.2.1/../../../arm-none-eabi/lib/thumb/v6-m/nofp/libc_nano.a(libc_a-lseekr.o)
 .debug_loclists
                0x00000000       0x97 /usr/lib/gcc/arm-none-eabi/14.2.1/../../../arm-none-eabi/lib/thumb/v6-m/nofp/libc_nano.a(libc_a-lseekr.o)
 .debug_aranges
                0x00000000       0x20 /usr/lib/gcc/arm-none-eabi/14.2.1/../../../arm-none-eabi/lib/thumb/v6-m/nofp/libc_nano.a(libc_a-lseekr.o)
 .debug_line    0x00000000      0x18e /usr/lib/gcc/arm-none-eabi/14.2.1/../../../arm-none-eabi/lib/thumb/v6-m/nofp/libc_nano.a(libc_a-lseekr.o)
 .debug_str     0x00000000      0x4b9 /usr/lib/gcc/arm-none-eabi/14.2.1/../../../arm-none-eabi/lib/thumb/v6-m/nofp/libc_nano.a(libc_a-lseekr.o)
 .comment       0x00000000       0x27 /usr/lib/gcc/arm-none-eabi/14.2.1/../../../arm-none-eabi/lib/thumb/v6-m/nofp/libc_nano.a(libc_a-lseekr.o)
 .debug_frame   0x00000000       0x2c /usr/lib/gcc/arm-none-eabi/14.2.1/../../../arm-none-eabi/lib/thumb/v6-m/nofp/libc_nano.a(libc_a-lseekr.o)
 .ARM.attributes
                0x00000000       0x2c /usr/lib/gcc/arm-none-eabi/14.2.1/../../../arm-none-eabi/lib/thumb/v6-m/nofp/libc_nano.a(libc_a-lseekr.o)
 .text          0x00000000       0xc8 /usr/lib/gcc/arm-none-eabi/14.2.1/../../../arm-none-eabi/lib/thumb/v6-m/nofp/libc_nano.a(libc_a-__call_atexit.o)
 .data          0x00000000        0x0 /usr/lib/gcc/arm-none-eabi/14.2.1/../../../arm-none-eabi/lib/thumb/v6-m/nofp/libc_nano.a(libc_a-__call_atexit.o)
 .bss           0x00000000        0x4 /usr/lib/gcc/arm-none-eabi/14.2.1/../../../arm-none-eabi/lib/thumb/v6-m/nofp/libc_nano.a(libc_a-__call_atexit.o)
 .debug_info    0x00000000      0x235 /usr/lib/gcc/arm-none-eabi/14.2.1/../../../arm-none-eabi/lib/thumb/v6-m/nofp/libc_nano.a(libc_a-__call_atexit.o)
 .debug_abbrev  0x00000000      0x179 /usr/lib/gcc/arm-none-eabi/14.2.1/../../../arm-none-eabi/lib/thumb/v6-m/nofp/libc_nano.a(libc_a-__call_atexit.o)
 .debug_loclists
                0x00000000      0x106 /usr/lib/gcc/arm-none-eabi/14.2.1/../../../arm-none-eabi/lib/thumb/v6-m/nofp/libc_nano.a(libc_a-__call_atexit.o)
 .debug_aranges
                0x00000000       0x20 /usr/lib/gcc/arm-none-eabi/14.2.1/../../../arm-none-eabi/lib/thumb/v6-m/nofp/libc_nano.a(libc_a-__call_atexit.o)
 .debug_rnglists
                0x00000000       0x23 /usr/lib/gcc/arm-none-eabi/14.2.1/../../../arm-none-eabi/lib/thumb/v6-m/nofp/libc_nano.a(libc_a-__call_atexit.o)
 .debug_line    0x00000000      0x20a /usr/lib/gcc/arm-none-eabi/14.2.1/../../../arm-none-eabi/lib/thumb/v6-m/nofp/libc_nano.a(libc_a-__call_atexit.o)
 .debug_str     0x00000000      0x23b /usr/lib/gcc/arm-none-eabi/14.2.1/../../../arm-none-eabi/lib/thumb/v6-m/nofp/libc_nano.a(libc_a-__call_atexit.o)
 .comment       0x00000000       0x27 /usr/lib/gcc/arm-none-eabi/14.2.1/../../../arm-none-eabi/lib/thumb/v6-m/nofp/libc_nano.a(libc_a-__call_atexit.o)
 .debug_frame   0x00000000       0x3c /usr/lib/gcc/arm-none-eabi/14.2.1/../../../arm-none-eabi/lib/thumb/v6-m/nofp/libc_nano.a(libc_a-__call_atexit.o)
 .ARM.attributes
                0x00000000       0x2c /usr/lib/gcc/arm-none-eabi/14.2.1/../../../arm-none-eabi/lib/thumb/v6-m/nofp/libc_nano.a(libc_a-__call_atexit.o)
 .text          0x00000000       0xe4 /usr/lib/gcc/arm-none-eabi/14.2.1/../../../arm-none-eabi/lib/thumb/v6-m/nofp/libc_nano.a(libc_a-reent.o)
 .data          0x00000000        0x0 /usr/lib/gcc/arm-none-eabi/14.2.1/../../../arm-none-eabi/lib/thumb/v6-m/nofp/libc_nano.a(libc_a-reent.o)
 .bss           0x00000000        0x4 /usr/lib/gcc/arm-none-eabi/14.2.1/../../../arm-none-eabi/lib/thumb/v6-m/nofp/libc_nano.a(libc_a-reent.o)
 .debug_info    0x00000000      0x898 /usr/lib/gcc/arm-none-eabi/14.2.1/../../../arm-none-eabi/lib/thumb/v6-m/nofp/libc_nano.a(libc_a-reent.o)
 .debug_abbrev  0x00000000      0x1eb /usr/lib/gcc/arm-none-eabi/14.2.1/../../../arm-none-eabi/lib/thumb/v6-m/nofp/libc_nano.a(libc_a-reent.o)
 .debug_loclists
                0x00000000       0x6e /usr/lib/gcc/arm-none-eabi/14.2.1/../../../arm-none-eabi/lib/thumb/v6-m/nofp/libc_nano.a(libc_a-reent.o)
 .debug_aranges
                0x00000000       0x20 /usr/lib/gcc/arm-none-eabi/14.2.1/../../../arm-none-eabi/lib/thumb/v6-m/nofp/libc_nano.a(libc_a-reent.o)
 .debug_line    0x00000000      0x273 /usr/lib/gcc/arm-none-eabi/14.2.1/../../../arm-none-eabi/lib/thumb/v6-m/nofp/libc_nano.a(libc_a-reent.o)
 .debug_str     0x00000000      0x4d4 /usr/lib/gcc/arm-none-eabi/14.2.1/../../../arm-none-eabi/lib/thumb/v6-m/nofp/libc_nano.a(libc_a-reent.o)
 .comment       0x00000000       0x27 /usr/lib/gcc/arm-none-eabi/14.2.1/../../../arm-none-eabi/lib/thumb/v6-m/nofp/libc_nano.a(libc_a-reent.o)
 .debug_frame   0x00000000       0x2c /usr/lib/gcc/arm-none-eabi/14.2.1/../../../arm-none-eabi/lib/thumb/v6-m/nofp/libc_nano.a(libc_a-reent.o)
 .ARM.attributes
                0x00000000       0x2c /usr/lib/gcc/arm-none-eabi/14.2.1/../../../arm-none-eabi/lib/thumb/v6-m/nofp/libc_nano.a(libc_a-reent.o)
 .text          0x00000000       0x1c /usr/lib/gcc/arm-none-eabi/14.2.1/../../../arm-none-eabi/lib/thumb/v6-m/nofp/libnosys.a(sbrk.o)
 .data          0x00000000        0x0 /usr/lib/gcc/arm-none-eabi/14.2.1/../../../arm-none-eabi/lib/thumb/v6-m/nofp/libnosys.a(sbrk.o)
 .bss           0x00000000        0x4 /usr/lib/gcc/arm-none-eabi/14.2.1/../../../arm-none-eabi/lib/thumb/v6-m/nofp/libnosys.a(sbrk.o)
 .debug_info    0x00000000       0xac /usr/lib/gcc/arm-none-eabi/14.2.1/../../../arm-none-eabi/lib/thumb/v6-m/nofp/libnosys.a(sbrk.o)
 .debug_abbrev  0x00000000       0xa1 /usr/lib/gcc/arm-none-eabi/14.2.1/../../../arm-none-eabi/lib/thumb/v6-m/nofp/libnosys.a(sbrk.o)
 .debug_loclists
                0x00000000       0x3e /usr/lib/gcc/arm-none-eabi/14.2.1/../../../arm-none-eabi/lib/thumb/v6-m/nofp/libnosys.a(sbrk.o)
 .debug_aranges
                0x00000000       0x20 /usr/lib/gcc/arm-none-eabi/14.2.1/../../../arm-none-eabi/lib/thumb/v6-m/nofp/libnosys.a(sbrk.o)
 .debug_line    0x00000000       0x83 /usr/lib/gcc/arm-none-eabi/14.2.1/../../../arm-none-eabi/lib/thumb/v6-m/nofp/libnosys.a(sbrk.o)
 .debug_str     0x00000000      0x116 /usr/lib/gcc/arm-none-eabi/14.2.1/../../../arm-none-eabi/lib/thumb/v6-m/nofp/libnosys.a(sbrk.o)
 .comment       0x00000000       0x27 /usr/lib/gcc/arm-none-eabi/14.2.1/../../../arm-none-eabi/lib/thumb/v6-m/nofp/libnosys.a(sbrk.o)
 .debug_frame   0x00000000       0x20 /usr/lib/gcc/arm-none-eabi/14.2.1/../../../arm-none-eabi/lib/thumb/v6-m/nofp/libnosys.a(sbrk.o)
 .ARM.attributes
                0x00000000       0x2c /usr/lib/gcc/arm-none-eabi/14.2.1/../../../arm-none-eabi/lib/thumb/v6-m/nofp/libnosys.a(sbrk.o)
 .text          0x00000000        0x4 /usr/lib/gcc/arm-none-eabi/14.2.1/../../../arm-none-eabi/lib/thumb/v6-m/nofp/libnosys.a(_exit.o)
 .data          0x00000000        0x0 /usr/lib/gcc/arm-none-eabi/14.2.1/../../../arm-none-eabi/lib/thumb/v6-m/nofp/libnosys.a(_exit.o)
 .bss           0x00000000        0x0 /usr/lib/gcc/arm-none-eabi/14.2.1/../../../arm-none-eabi/lib/thumb/v6-m/nofp/libnosys.a(_exit.o)
 .debug_info    0x00000000       0xa4 /usr/lib/gcc/arm-none-eabi/14.2.1/../../../arm-none-eabi/lib/thumb/v6-m/nofp/libnosys.a(_exit.o)
 .debug_abbrev  0x00000000       0x69 /usr/lib/gcc/arm-none-eabi/14.2.1/../../../arm-none-eabi/lib/thumb/v6-m/nofp/libnosys.a(_exit.o)
 .debug_loclists
                0x00000000       0x14 /usr/lib/gcc/arm-none-eabi/14.2.1/../../../arm-none-eabi/lib/thumb/v6-m/nofp/libnosys.a(_exit.o)
 .debug_aranges
                0x00000000       0x20 /usr/lib/gcc/arm-none-eabi/14.2.1/../../../arm-none-eabi/lib/thumb/v6-m/nofp/libnosys.a(_exit.o)
 .debug_line    0x00000000       0x61 /usr/lib/gcc/arm-none-eabi/14.2.1/../../../arm-none-eabi/lib/thumb/v6-m/nofp/libnosys.a(_exit.o)
 .debug_str     0x00000000      0x162 /usr/lib/gcc/arm-none-eabi/14.2.1/../../../arm-none-eabi/lib/thumb/v6-m/nofp/libnosys.a(_exit.o)
 .comment       0x00000000       0x27 /usr/lib/gcc/arm-none-eabi/14.2.1/../../../arm-none-eabi/lib/thumb/v6-m/nofp/libnosys.a(_exit.o)
 .debug_frame   0x00000000       0x20 /usr/lib/gcc/arm-none-eabi/14.2.1/../../../arm-none-eabi/lib/thumb/v6-m/nofp/libnosys.a(_exit.o)
 .ARM.attributes
                0x00000000       0x2c /usr/lib/gcc/arm-none-eabi/14.2.1/../../../arm-none-eabi/lib/thumb/v6-m/nofp/libnosys.a(_exit.o)
 .text          0x00000000        0x0 /usr/lib/gcc/arm-none-eabi/14.2.1/thumb/v6-m/nofp/crtend.o
 .data          0x00000000        0x0 /usr/lib/gcc/arm-none-eabi/14.2.1/thumb/v6-m/nofp/crtend.o
 .bss           0x00000000        0x0 /usr/lib/gcc/arm-none-eabi/14.2.1/thumb/v6-m/nofp/crtend.o
 .rodata        0x00000000       0x24 /usr/lib/gcc/arm-none-eabi/14.2.1/thumb/v6-m/nofp/crtend.o
 .eh_frame      0x00000000        0x4 /usr/lib/gcc/arm-none-eabi/14.2.1/thumb/v6-m/nofp/crtend.o
 .tm_clone_table
                0x00000000        0x0 /usr/lib/gcc/arm-none-eabi/14.2.1/thumb/v6-m/nofp/crtend.o
 .comment       0x00000000       0x27 /usr/lib/gcc/arm-none-eabi/14.2.1/thumb/v6-m/nofp/crtend.o
 .ARM.attributes
                0x00000000       0x2c /usr/lib/gcc/arm-none-eabi/14.2.1/thumb/v6-m/nofp/crtend.o
 .text          0x00000000        0x0 /usr/lib/gcc/arm-none-eabi/14.2.1/thumb/v6-m/nofp/crtn.o
 .data          0x00000000        0x0 /usr/lib/gcc/arm-none-eabi/14.2.1/thumb/v6-m/nofp/crtn.o
 .bss           0x00000000        0x0 /usr/lib/gcc/arm-none-eabi/14.2.1/thumb/v6-m/nofp/crtn.o
 .init          0x00000000        0x8 /usr/lib/gcc/arm-none-eabi/14.2.1/thumb/v6-m/nofp/crtn.o
 .fini          0x00000000        0x8 /usr/lib/gcc/arm-none-eabi/14.2.1/thumb/v6-m/nofp/crtn.o
 .ARM.attributes
                0x00000000       0x1e /usr/lib/gcc/arm-none-eabi/14.2.1/thumb/v6-m/nofp/crtn.o

Memory Configuration

Name             Origin             Length             Attributes
FLASH            0x00000000         0x00008000         xr
RAM              0x10000000         0x00002000         xrw
CANRAM           0x50000000         0x00000800         rw
*default*        0x00000000         0xffffffff

Linker script and memory map

LOAD /usr/lib/gcc/arm-none-eabi/14.2.1/thumb/v6-m/nofp/crti.o
LOAD /usr/lib/gcc/arm-none-eabi/14.2.1/thumb/v6-m/nofp/crtbegin.o
LOAD /usr/lib/gcc/arm-none-eabi/14.2.1/../../../arm-none-eabi/lib/thumb/v6-m/nofp/crt0.o
LOAD Build/App/main.o
LOAD Build/Mcu/Adc/Adc.o
LOAD Build/Mcu/Adc/Adc_Config.o
LOAD Build/Mcu/Can/Can.o
LOAD Build/Mcu/Can/Can_Config.o
LOAD Build/Mcu/Dio/Dio.o
LOAD Build/Mcu/Dio/Dio_Config.o
LOAD Build/Mcu/Gpt/Gpt.o
LOAD Build/Mcu/Gpt/Gpt_Config.o
LOAD Build/Mcu/I2c/I2c.o
LOAD Build/Mcu/I2c/I2c_Config.o
LOAD Build/Mcu/Spi/Spi.o
LOAD Build/Mcu/Spi/Spi_Config.o
LOAD Build/Mcu/Sys/Iocon.o
LOAD Build/Mcu/Sys/Syscon.o
LOAD Build/Mcu/Sys/system_LPC11xx.o
LOAD Build/Mcu/Uart/Uart.o
LOAD Build/Mcu/Uart/Uart_Config.o
LOAD Build/Ecu/Buz/Buz.o
LOAD Build/Ecu/Buz/Buz_Config.o
LOAD Build/Ecu/Dac/Dac.o
LOAD Build/Ecu/Dac/Dac_Config.o
LOAD Build/Ecu/Eeprom/Eeprom.o
LOAD Build/Ecu/Eeprom/Eeprom_Config.o
LOAD Build/Ecu/Pc_Com/Pc_Com.o
LOAD Build/Ecu/Pc_Com/Pc_Com_Config.o
LOAD Build/Ecu/Pwm/Pwm.o
LOAD Build/Ecu/Pwm/Pwm_Config.o
LOAD Build/Ecu/Rgb/Rgb.o
LOAD Build/Ecu/Rgb/Rgb_Config.o
LOAD Build/Ecu/Rotary/Rotary.o
LOAD Build/Ecu/Rotary/Rotary_Config.o
LOAD Build/Ecu/Sensors/Sensors.o
LOAD Build/Ecu/Sensors/Sensors_Config.o
LOAD Build/Ecu/Ukeys/Ukeys.o
LOAD Build/Ecu/Ukeys/Ukeys_Config.o
LOAD Build/Mcu/Sys/cr_startup_lpc11xx.o
START GROUP
LOAD /usr/lib/gcc/arm-none-eabi/14.2.1/thumb/v6-m/nofp/libgcc.a
LOAD /usr/lib/gcc/arm-none-eabi/14.2.1/../../../arm-none-eabi/lib/thumb/v6-m/nofp/libc_nano.a
END GROUP
START GROUP
LOAD /usr/lib/gcc/arm-none-eabi/14.2.1/thumb/v6-m/nofp/libgcc.a
LOAD /usr/lib/gcc/arm-none-eabi/14.2.1/../../../arm-none-eabi/lib/thumb/v6-m/nofp/libc_nano.a
LOAD /usr/lib/gcc/arm-none-eabi/14.2.1/../../../arm-none-eabi/lib/thumb/v6-m/nofp/libnosys.a
END GROUP
START GROUP
LOAD /usr/lib/gcc/arm-none-eabi/14.2.1/thumb/v6-m/nofp/libgcc.a
LOAD /usr/lib/gcc/arm-none-eabi/14.2.1/../../../arm-none-eabi/lib/thumb/v6-m/nofp/libc_nano.a
LOAD /usr/lib/gcc/arm-none-eabi/14.2.1/../../../arm-none-eabi/lib/thumb/v6-m/nofp/libnosys.a
END GROUP
LOAD /usr/lib/gcc/arm-none-eabi/14.2.1/thumb/v6-m/nofp/crtend.o
LOAD /usr/lib/gcc/arm-none-eabi/14.2.1/thumb/v6-m/nofp/crtn.o
                0x00000200                        STACK_SIZE = 0x200

.text           0x00000000      0x5d4
 *(.vectors)
 .vectors       0x00000000       0xc0 Build/Mcu/Sys/cr_startup_lpc11xx.o
                0x00000000                __Vectors
 *(.text*)
 .text.Software_Delay
                0x000000c0       0x18 Build/App/main.o
                0x000000c0                Software_Delay
 .text.startup.main
                0x000000d8       0x24 Build/App/main.o
                0x000000d8                main
 .text.CANReadMsg
                0x000000fc       0xfc Build/Mcu/Can/Can.o
                0x000000fc                CANReadMsg
 .text.CAN_IRQHandler
                0x000001f8       0x54 Build/Mcu/Can/Can.o
                0x000001f8                CAN_IRQHandler
 .text.Gpio1_Pin_Set
                0x0000024c       0x44 Build/Mcu/Dio/Dio.o
                0x0000024c                Gpio1_Pin_Set
 .text.Gpio2_Pin_Set
                0x00000290       0x44 Build/Mcu/Dio/Dio.o
                0x00000290                Gpio2_Pin_Set
 .text.Gpio1_Pin_Get
                0x000002d4       0x1c Build/Mcu/Dio/Dio.o
                0x000002d4                Gpio1_Pin_Get
 .text.Eint1_Reset
                0x000002f0       0x18 Build/Mcu/Dio/Dio.o
                0x000002f0                Eint1_Reset
 .text.Gpio1_Direction_Set
                0x00000308       0x34 Build/Mcu/Dio/Dio_Config.o
                0x00000308                Gpio1_Direction_Set
 .text.Gpio2_Direction_Set
                0x0000033c       0x34 Build/Mcu/Dio/Dio_Config.o
                0x0000033c                Gpio2_Direction_Set
 .text.Iocon_R_Pio1_2_Set
                0x00000370       0x24 Build/Mcu/Sys/Iocon.o
                0x00000370                Iocon_R_Pio1_2_Set
 .text.Iocon_Pio1_10_Set
                0x00000394       0x24 Build/Mcu/Sys/Iocon.o
                0x00000394                Iocon_Pio1_10_Set
 .text.Iocon_Pio2_10_Set
                0x000003b8       0x24 Build/Mcu/Sys/Iocon.o
                0x000003b8                Iocon_Pio2_10_Set
 .text.Syscon_Pclk_Iocon_Enable
                0x000003dc       0x14 Build/Mcu/Sys/Syscon.o
                0x000003dc                Syscon_Pclk_Iocon_Enable
 .text.Syscon_Pclk_Gpio_Enable
                0x000003f0       0x10 Build/Mcu/Sys/Syscon.o
                0x000003f0                Syscon_Pclk_Gpio_Enable
 .text.SystemInit
                0x00000400       0x6c Build/Mcu/Sys/system_LPC11xx.o
                0x00000400                SystemInit
 .text.Rgb_Set  0x0000046c       0x94 Build/Ecu/Rgb/Rgb.o
                0x0000046c                Rgb_Set
 .text.Rgb_Config
                0x00000500       0x56 Build/Ecu/Rgb/Rgb_Config.o
                0x00000500                Rgb_Config
 *fill*         0x00000556        0x2 
 .text.PIOINT1_IRQHandler
                0x00000558       0x3c Build/Ecu/Rotary/Rotary.o
                0x00000558                PIOINT1_IRQHandler
 .text.Default_Handler
                0x00000594        0x2 Build/Mcu/Sys/cr_startup_lpc11xx.o
                0x00000594                TIMER16_0_IRQHandler
                0x00000594                WAKEUP7_IRQHandler
                0x00000594                HardFault_Handler
                0x00000594                SysTick_Handler
                0x00000594                WAKEUP13_IRQHandler
                0x00000594                WAKEUP4_IRQHandler
                0x00000594                PendSV_Handler
                0x00000594                NMI_Handler
                0x00000594                WAKEUP10_IRQHandler
                0x00000594                UART_IRQHandler
                0x00000594                WAKEUP3_IRQHandler
                0x00000594                TIMER32_0_IRQHandler
                0x00000594                TIMER32_1_IRQHandler
                0x00000594                WAKEUP6_IRQHandler
                0x00000594                SSP0_IRQHandler
                0x00000594                Rserved2_IRQHandler
                0x00000594                WAKEUP1_IRQHandler
                0x00000594                TIMER16_1_IRQHandler
                0x00000594                Default_Handler
                0x00000594                Reserved3_IRQHandler
                0x00000594                ADC_IRQHandler
                0x00000594                Reserved1_IRQHandler
                0x00000594                SSP1_IRQHandler
                0x00000594                PIOINT2_IRQHandler
                0x00000594                BOD_IRQHandler
                0x00000594                PIOINT0_IRQHandler
                0x00000594                I2C_IRQHandler
                0x00000594                WDT_IRQHandler
                0x00000594                SVC_Handler
                0x00000594                WAKEUP8_IRQHandler
                0x00000594                WAKEUP9_IRQHandler
                0x00000594                WAKEUP12_IRQHandler
                0x00000594                PIOINT3_IRQHandler
                0x00000594                WAKEUP11_IRQHandler
                0x00000594                WAKEUP2_IRQHandler
                0x00000594                WAKEUP5_IRQHandler
 *fill*         0x00000596        0x2 
 .text.Reset_Handler
                0x00000598       0x28 Build/Mcu/Sys/cr_startup_lpc11xx.o
                0x00000598                Reset_Handler
 .text          0x000005c0       0x14 /usr/lib/gcc/arm-none-eabi/14.2.1/thumb/v6-m/nofp/libgcc.a(_thumb1_case_uqi.o)
                0x000005c0                __gnu_thumb1_case_uqi
 *(.rodata*)
                0x000005d4                        . = ALIGN (0x4)
                0x000005d4                        __etext = .

.glue_7         0x000005d4        0x0
 .glue_7        0x000005d4        0x0 linker stubs

.glue_7t        0x000005d4        0x0
 .glue_7t       0x000005d4        0x0 linker stubs

.vfp11_veneer   0x000005d4        0x0
 .vfp11_veneer  0x000005d4        0x0 linker stubs

.v4_bx          0x000005d4        0x0
 .v4_bx         0x000005d4        0x0 linker stubs

.init           0x000005d4        0x4
 .init          0x000005d4        0x4 /usr/lib/gcc/arm-none-eabi/14.2.1/thumb/v6-m/nofp/crti.o
                0x000005d4                _init

.fini           0x000005d8        0x4
 .fini          0x000005d8        0x4 /usr/lib/gcc/arm-none-eabi/14.2.1/thumb/v6-m/nofp/crti.o
                0x000005d8                _fini

.iplt           0x000005dc        0x0
 .iplt          0x000005dc        0x0 Build/App/main.o

.rel.dyn        0x000005dc        0x0
 .rel.iplt      0x000005dc        0x0 Build/App/main.o

.data           0x10000000        0x0 load address 0x000005d4
                0x10000000                        __data_start__ = .
 *(.data*)
                0x10000000                        . = ALIGN (0x4)
                0x10000000                        __data_end__ = .

.igot.plt       0x10000000        0x0
 .igot.plt      0x10000000        0x0 Build/App/main.o

.bss            0x10000000       0x1c
                0x10000000                        __bss_start__ = .
 *(.bss*)
 .bss.CAN_RxRdy
                0x10000000        0x4 Build/Mcu/Can/Can.o
                0x10000000                CAN_RxRdy
 .bss.CAN_TxRdy
                0x10000004        0x4 Build/Mcu/Can/Can.o
                0x10000004                CAN_TxRdy
 .bss.CAN_RxMsg
                0x10000008       0x10 Build/Mcu/Can/Can.o
                0x10000008                CAN_RxMsg
 .bss.rotary_count
                0x10000018        0x1 Build/Ecu/Rotary/Rotary.o
 .bss.rotary_dir
                0x10000019        0x1 Build/Ecu/Rotary/Rotary.o
 *(COMMON)
                0x1000001c                        . = ALIGN (0x4)
 *fill*         0x1000001a        0x2 
                0x1000001c                        __bss_end__ = .

.stack          0x1000001c      0x204
                0x10000020                        . = ALIGN (0x8)
 *fill*         0x1000001c        0x4 
                0x10000020                        _stack_start = .
                0x10000220                        . = (. + STACK_SIZE)
 *fill*         0x10000020      0x200 
                0x10000220                        . = ALIGN (0x8)
                0x10000220                        _stack_end = .

.heap           0x10000220        0x0
                0x10000220                        __heap_start__ = .
                0x10000020                        __heap_end__ = _stack_start

.canram
 *(.canram*)

/DISCARD/
 libc.a(*)
 libm.a(*)
 libgcc.a(*)
                0x10002000                        __StackTop = (ORIGIN (RAM) + LENGTH (RAM))
OUTPUT(Build/tbsar.elf elf32-littlearm)
LOAD linker stubs
LOAD /usr/lib/gcc/arm-none-eabi/14.2.1/../../../arm-none-eabi/lib/thumb/v6-m/nofp/libc.a
LOAD /usr/lib/gcc/arm-none-eabi/14.2.1/../../../arm-none-eabi/lib/thumb/v6-m/nofp/libm.a
LOAD /usr/lib/gcc/arm-none-eabi/14.2.1/thumb/v6-m/nofp/libgcc.a

.ARM.attributes
                0x00000000       0x28
 .ARM.attributes
                0x00000000       0x1e /usr/lib/gcc/arm-none-eabi/14.2.1/thumb/v6-m/nofp/crti.o
 .ARM.attributes
                0x0000001e       0x2c Build/App/main.o
 .ARM.attributes
                0x0000004a       0x2c Build/Mcu/Can/Can.o
 .ARM.attributes
                0x00000076       0x2c Build/Mcu/Dio/Dio.o
 .ARM.attributes
                0x000000a2       0x2c Build/Mcu/Dio/Dio_Config.o
 .ARM.attributes
                0x000000ce       0x2c Build/Mcu/Sys/Iocon.o
 .ARM.attributes
                0x000000fa       0x2c Build/Mcu/Sys/Syscon.o
 .ARM.attributes
                0x00000126       0x2c Build/Mcu/Sys/system_LPC11xx.o
 .ARM.attributes
                0x00000152       0x2c Build/Ecu/Rgb/Rgb.o
 .ARM.attributes
                0x0000017e       0x2c Build/Ecu/Rgb/Rgb_Config.o
 .ARM.attributes
                0x000001aa       0x2c Build/Ecu/Rotary/Rotary.o
 .ARM.attributes
                0x000001d6       0x2c Build/Mcu/Sys/cr_startup_lpc11xx.o
 .ARM.attributes
                0x00000202       0x1e /usr/lib/gcc/arm-none-eabi/14.2.1/thumb/v6-m/nofp/libgcc.a(_thumb1_case_uqi.o)

.comment        0x00000000       0x26
 .comment       0x00000000       0x26 Build/App/main.o
                                 0x27 (size before relaxing)
 .comment       0x00000026       0x27 Build/Mcu/Can/Can.o
 .comment       0x00000026       0x27 Build/Mcu/Dio/Dio.o
 .comment       0x00000026       0x27 Build/Mcu/Dio/Dio_Config.o
 .comment       0x00000026       0x27 Build/Mcu/Sys/Iocon.o
 .comment       0x00000026       0x27 Build/Mcu/Sys/Syscon.o
 .comment       0x00000026       0x27 Build/Mcu/Sys/system_LPC11xx.o
 .comment       0x00000026       0x27 Build/Ecu/Rgb/Rgb.o
 .comment       0x00000026       0x27 Build/Ecu/Rgb/Rgb_Config.o
 .comment       0x00000026       0x27 Build/Ecu/Rotary/Rotary.o
 .comment       0x00000026       0x27 Build/Mcu/Sys/cr_startup_lpc11xx.o

.debug_line     0x00000000       0x52
 .debug_line    0x00000000       0x52 /usr/lib/gcc/arm-none-eabi/14.2.1/thumb/v6-m/nofp/libgcc.a(_thumb1_case_uqi.o)

.debug_line_str
                0x00000000       0x97
 .debug_line_str
                0x00000000       0x97 /usr/lib/gcc/arm-none-eabi/14.2.1/thumb/v6-m/nofp/libgcc.a(_thumb1_case_uqi.o)

.debug_info     0x00000000       0x31
 .debug_info    0x00000000       0x31 /usr/lib/gcc/arm-none-eabi/14.2.1/thumb/v6-m/nofp/libgcc.a(_thumb1_case_uqi.o)

.debug_abbrev   0x00000000       0x28
 .debug_abbrev  0x00000000       0x28 /usr/lib/gcc/arm-none-eabi/14.2.1/thumb/v6-m/nofp/libgcc.a(_thumb1_case_uqi.o)

.debug_aranges  0x00000000       0x20
 .debug_aranges
                0x00000000       0x20 /usr/lib/gcc/arm-none-eabi/14.2.1/thumb/v6-m/nofp/libgcc.a(_thumb1_case_uqi.o)

.debug_str      0x00000000       0xb9
 .debug_str     0x00000000       0xb9 /usr/lib/gcc/arm-none-eabi/14.2.1/thumb/v6-m/nofp/libgcc.a(_thumb1_case_uqi.o)
